	    LAYER
        NAME     durperiodsp_2006
        PROJECTION
          "+proj=laea"
          "+lat_0=45"
          "+lon_0=-100"
          "+x_0=0"
          "+y_0=0"
          "+a=6370997"
          "+b=6370997"
          "+units=m"
          "+no_defs"
        END
        TYPE     RASTER
        DUMP     TRUE
        STATUS   OFF
        DATA     %(DATA_DIR)s/fsdata-internal/efetac_nasa/AncillaryData/duration/duration_3pct_1yr/dur31yr_0508_0617/dur31yr_2006_0508_0617.tif
        HEADER   ./templates/layer_query_header.html
        TEMPLATE ./templates/layer_query_body.html
        INCLUDE "duration_6period.cmap"
        METADATA
            "wms_title"             "durperiodsp_2006"
            "wms_abstract"          "durperiodsp_2006"
            "gml_include_items"     "value_0"
        END  # end METADATA
    END # end LAYER

	LAYER
        NAME     durperiodsp_2006MaskForForest
        PROJECTION
          "+proj=laea"
          "+lat_0=45"
          "+lon_0=-100"
          "+x_0=0"
          "+y_0=0"
          "+a=6370997"
          "+b=6370997"
          "+units=m"
          "+no_defs"
        END
        TYPE     RASTER
		MASK MaskForForest
        DUMP     TRUE
        STATUS   OFF
        DATA     %(DATA_DIR)s/fsdata-internal/efetac_nasa/AncillaryData/duration/duration_3pct_1yr/dur31yr_0508_0617/dur31yr_2006_0508_0617.tif
        HEADER   ./templates/layer_query_header.html
        TEMPLATE ./templates/layer_query_body.html
        INCLUDE "duration_6period.cmap"
        METADATA
            "wms_title"             "durperiodsp_2006"
            "wms_abstract"          "durperiodsp_2006"
            "gml_include_items"     "value_0"
        END  # end METADATA
    END # end LAYER

	LAYER
        NAME     durperiodsp_2006MaskForConiferForest
        PROJECTION
          "+proj=laea"
          "+lat_0=45"
          "+lon_0=-100"
          "+x_0=0"
          "+y_0=0"
          "+a=6370997"
          "+b=6370997"
          "+units=m"
          "+no_defs"
        END
        TYPE     RASTER
		MASK MaskForConiferForest
        DUMP     TRUE
        STATUS   OFF
        DATA     %(DATA_DIR)s/fsdata-internal/efetac_nasa/AncillaryData/duration/duration_3pct_1yr/dur31yr_0508_0617/dur31yr_2006_0508_0617.tif
        HEADER   ./templates/layer_query_header.html
        TEMPLATE ./templates/layer_query_body.html
        INCLUDE "duration_6period.cmap"
        METADATA
            "wms_title"             "durperiodsp_2006"
            "wms_abstract"          "durperiodsp_2006"
            "gml_include_items"     "value_0"
        END  # end METADATA
    END # end LAYER

	LAYER
        NAME     durperiodsp_2006MaskForDeciduousForest
        PROJECTION
          "+proj=laea"
          "+lat_0=45"
          "+lon_0=-100"
          "+x_0=0"
          "+y_0=0"
          "+a=6370997"
          "+b=6370997"
          "+units=m"
          "+no_defs"
        END
        TYPE     RASTER
		MASK MaskForDeciduousForest
        DUMP     TRUE
        STATUS   OFF
        DATA     %(DATA_DIR)s/fsdata-internal/efetac_nasa/AncillaryData/duration/duration_3pct_1yr/dur31yr_0508_0617/dur31yr_2006_0508_0617.tif
        HEADER   ./templates/layer_query_header.html
        TEMPLATE ./templates/layer_query_body.html
        INCLUDE "duration_6period.cmap"
        METADATA
            "wms_title"             "durperiodsp_2006"
            "wms_abstract"          "durperiodsp_2006"
            "gml_include_items"     "value_0"
        END  # end METADATA
    END # end LAYER

	LAYER
        NAME     durperiodsp_2006MaskForMixedForest
        PROJECTION
          "+proj=laea"
          "+lat_0=45"
          "+lon_0=-100"
          "+x_0=0"
          "+y_0=0"
          "+a=6370997"
          "+b=6370997"
          "+units=m"
          "+no_defs"
        END
        TYPE     RASTER
		MASK MaskForMixedForest
        DUMP     TRUE
        STATUS   OFF
        DATA     %(DATA_DIR)s/fsdata-internal/efetac_nasa/AncillaryData/duration/duration_3pct_1yr/dur31yr_0508_0617/dur31yr_2006_0508_0617.tif
        HEADER   ./templates/layer_query_header.html
        TEMPLATE ./templates/layer_query_body.html
        INCLUDE "duration_6period.cmap"
        METADATA
            "wms_title"             "durperiodsp_2006"
            "wms_abstract"          "durperiodsp_2006"
            "gml_include_items"     "value_0"
        END  # end METADATA
    END # end LAYER


	LAYER
        NAME     durperiodsp_2006MaskForWetland
        PROJECTION
          "+proj=laea"
          "+lat_0=45"
          "+lon_0=-100"
          "+x_0=0"
          "+y_0=0"
          "+a=6370997"
          "+b=6370997"
          "+units=m"
          "+no_defs"
        END
        TYPE     RASTER
		MASK MaskForWetland
        DUMP     TRUE
        STATUS   OFF
        DATA     %(DATA_DIR)s/fsdata-internal/efetac_nasa/AncillaryData/duration/duration_3pct_1yr/dur31yr_0508_0617/dur31yr_2006_0508_0617.tif
        HEADER   ./templates/layer_query_header.html
        TEMPLATE ./templates/layer_query_body.html
        INCLUDE "duration_6period.cmap"
        METADATA
            "wms_title"             "durperiodsp_2006"
            "wms_abstract"          "durperiodsp_2006"
            "gml_include_items"     "value_0"
        END  # end METADATA
    END # end LAYER

	LAYER
        NAME     durperiodsp_2006MaskForUrban
        PROJECTION
          "+proj=laea"
          "+lat_0=45"
          "+lon_0=-100"
          "+x_0=0"
          "+y_0=0"
          "+a=6370997"
          "+b=6370997"
          "+units=m"
          "+no_defs"
        END
        TYPE     RASTER
		MASK MaskForUrban
        DUMP     TRUE
        STATUS   OFF
        DATA     %(DATA_DIR)s/fsdata-internal/efetac_nasa/AncillaryData/duration/duration_3pct_1yr/dur31yr_0508_0617/dur31yr_2006_0508_0617.tif
        HEADER   ./templates/layer_query_header.html
        TEMPLATE ./templates/layer_query_body.html
        INCLUDE "duration_6period.cmap"
        METADATA
            "wms_title"             "durperiodsp_2006"
            "wms_abstract"          "durperiodsp_2006"
            "gml_include_items"     "value_0"
        END  # end METADATA
    END # end LAYER

	LAYER
        NAME     durperiodsp_2006MaskForShrubland
        PROJECTION
          "+proj=laea"
          "+lat_0=45"
          "+lon_0=-100"
          "+x_0=0"
          "+y_0=0"
          "+a=6370997"
          "+b=6370997"
          "+units=m"
          "+no_defs"
        END
        TYPE     RASTER
		MASK MaskForShrubland
        DUMP     TRUE
        STATUS   OFF
        DATA     %(DATA_DIR)s/fsdata-internal/efetac_nasa/AncillaryData/duration/duration_3pct_1yr/dur31yr_0508_0617/dur31yr_2006_0508_0617.tif
        HEADER   ./templates/layer_query_header.html
        TEMPLATE ./templates/layer_query_body.html
        INCLUDE "duration_6period.cmap"
        METADATA
            "wms_title"             "durperiodsp_2006"
            "wms_abstract"          "durperiodsp_2006"
            "gml_include_items"     "value_0"
        END  # end METADATA
    END # end LAYER

	LAYER
        NAME     durperiodsp_2006MaskForNonVegetated
        PROJECTION
          "+proj=laea"
          "+lat_0=45"
          "+lon_0=-100"
          "+x_0=0"
          "+y_0=0"
          "+a=6370997"
          "+b=6370997"
          "+units=m"
          "+no_defs"
        END
        TYPE     RASTER
		MASK MaskForNonVegetated
        DUMP     TRUE
        STATUS   OFF
        DATA     %(DATA_DIR)s/fsdata-internal/efetac_nasa/AncillaryData/duration/duration_3pct_1yr/dur31yr_0508_0617/dur31yr_2006_0508_0617.tif
        HEADER   ./templates/layer_query_header.html
        TEMPLATE ./templates/layer_query_body.html
        INCLUDE "duration_6period.cmap"
        METADATA
            "wms_title"             "durperiodsp_2006"
            "wms_abstract"          "durperiodsp_2006"
            "gml_include_items"     "value_0"
        END  # end METADATA
    END # end LAYER

	LAYER
        NAME     durperiodsp_2006MaskForGrass
        PROJECTION
          "+proj=laea"
          "+lat_0=45"
          "+lon_0=-100"
          "+x_0=0"
          "+y_0=0"
          "+a=6370997"
          "+b=6370997"
          "+units=m"
          "+no_defs"
        END
        TYPE     RASTER
		MASK MaskForGrass
        DUMP     TRUE
        STATUS   OFF
        DATA     %(DATA_DIR)s/fsdata-internal/efetac_nasa/AncillaryData/duration/duration_3pct_1yr/dur31yr_0508_0617/dur31yr_2006_0508_0617.tif
        HEADER   ./templates/layer_query_header.html
        TEMPLATE ./templates/layer_query_body.html
        INCLUDE "duration_6period.cmap"
        METADATA
            "wms_title"             "durperiodsp_2006"
            "wms_abstract"          "durperiodsp_2006"
            "gml_include_items"     "value_0"
        END  # end METADATA
    END # end LAYER


	LAYER
        NAME     durperiodsp_2006MaskForAgriculture
        PROJECTION
          "+proj=laea"
          "+lat_0=45"
          "+lon_0=-100"
          "+x_0=0"
          "+y_0=0"
          "+a=6370997"
          "+b=6370997"
          "+units=m"
          "+no_defs"
        END
        TYPE     RASTER
		MASK MaskForAgriculture
        DUMP     TRUE
        STATUS   OFF
        DATA     %(DATA_DIR)s/fsdata-internal/efetac_nasa/AncillaryData/duration/duration_3pct_1yr/dur31yr_0508_0617/dur31yr_2006_0508_0617.tif
        HEADER   ./templates/layer_query_header.html
        TEMPLATE ./templates/layer_query_body.html
        INCLUDE "duration_6period.cmap"
        METADATA
            "wms_title"             "durperiodsp_2006"
            "wms_abstract"          "durperiodsp_2006"
            "gml_include_items"     "value_0"
        END  # end METADATA
    END # end LAYER









	LAYER
        NAME     durcomb_2006
        PROJECTION
          "+proj=laea"
          "+lat_0=45"
          "+lon_0=-100"
          "+x_0=0"
          "+y_0=0"
          "+a=6370997"
          "+b=6370997"
          "+units=m"
          "+no_defs"
        END
        TYPE     RASTER
        DUMP     TRUE
        STATUS   OFF
        DATA     %(DATA_DIR)s/fsdata-internal/efetac_nasa/AncillaryData/duration/duration_3pct_1yr/dur31yr_0624_0921/dur31yr_2006_0624_0921.tif
        HEADER   ./templates/layer_query_header.html
        TEMPLATE ./templates/layer_query_body.html
        INCLUDE "duration_12period.cmap"
        METADATA
            "wms_title"             "durcomb_2006"
            "wms_abstract"          "durcomb_2006"
            "gml_include_items"     "value_0"
        END  # end METADATA
    END # end LAYER

	LAYER
        NAME     durcomb_2006MaskForForest
        PROJECTION
          "+proj=laea"
          "+lat_0=45"
          "+lon_0=-100"
          "+x_0=0"
          "+y_0=0"
          "+a=6370997"
          "+b=6370997"
          "+units=m"
          "+no_defs"
        END
        TYPE     RASTER
		MASK MaskForForest
        DUMP     TRUE
        STATUS   OFF
        DATA     %(DATA_DIR)s/fsdata-internal/efetac_nasa/AncillaryData/duration/duration_3pct_1yr/dur31yr_0624_0921/dur31yr_2006_0624_0921.tif
        HEADER   ./templates/layer_query_header.html
        TEMPLATE ./templates/layer_query_body.html
        INCLUDE "duration_12period.cmap"
        METADATA
            "wms_title"             "durcomb_2006"
            "wms_abstract"          "durcomb_2006"
            "gml_include_items"     "value_0"
        END  # end METADATA
    END # end LAYER

	LAYER
        NAME     durcomb_2006MaskForConiferForest
        PROJECTION
          "+proj=laea"
          "+lat_0=45"
          "+lon_0=-100"
          "+x_0=0"
          "+y_0=0"
          "+a=6370997"
          "+b=6370997"
          "+units=m"
          "+no_defs"
        END
        TYPE     RASTER
		MASK MaskForConiferForest
        DUMP     TRUE
        STATUS   OFF
        DATA     %(DATA_DIR)s/fsdata-internal/efetac_nasa/AncillaryData/duration/duration_3pct_1yr/dur31yr_0624_0921/dur31yr_2006_0624_0921.tif
        HEADER   ./templates/layer_query_header.html
        TEMPLATE ./templates/layer_query_body.html
        INCLUDE "duration_12period.cmap"
        METADATA
            "wms_title"             "durcomb_2006"
            "wms_abstract"          "durcomb_2006"
            "gml_include_items"     "value_0"
        END  # end METADATA
    END # end LAYER

	LAYER
        NAME     durcomb_2006MaskForDeciduousForest
        PROJECTION
          "+proj=laea"
          "+lat_0=45"
          "+lon_0=-100"
          "+x_0=0"
          "+y_0=0"
          "+a=6370997"
          "+b=6370997"
          "+units=m"
          "+no_defs"
        END
        TYPE     RASTER
		MASK MaskForDeciduousForest
        DUMP     TRUE
        STATUS   OFF
        DATA     %(DATA_DIR)s/fsdata-internal/efetac_nasa/AncillaryData/duration/duration_3pct_1yr/dur31yr_0624_0921/dur31yr_2006_0624_0921.tif
        HEADER   ./templates/layer_query_header.html
        TEMPLATE ./templates/layer_query_body.html
        INCLUDE "duration_12period.cmap"
        METADATA
            "wms_title"             "durcomb_2006"
            "wms_abstract"          "durcomb_2006"
            "gml_include_items"     "value_0"
        END  # end METADATA
    END # end LAYER

	LAYER
        NAME     durcomb_2006MaskForMixedForest
        PROJECTION
          "+proj=laea"
          "+lat_0=45"
          "+lon_0=-100"
          "+x_0=0"
          "+y_0=0"
          "+a=6370997"
          "+b=6370997"
          "+units=m"
          "+no_defs"
        END
        TYPE     RASTER
		MASK MaskForMixedForest
        DUMP     TRUE
        STATUS   OFF
        DATA     %(DATA_DIR)s/fsdata-internal/efetac_nasa/AncillaryData/duration/duration_3pct_1yr/dur31yr_0624_0921/dur31yr_2006_0624_0921.tif
        HEADER   ./templates/layer_query_header.html
        TEMPLATE ./templates/layer_query_body.html
        INCLUDE "duration_12period.cmap"
        METADATA
            "wms_title"             "durcomb_2006"
            "wms_abstract"          "durcomb_2006"
            "gml_include_items"     "value_0"
        END  # end METADATA
    END # end LAYER

	LAYER
        NAME     durcomb_2006MaskForWetland
        PROJECTION
          "+proj=laea"
          "+lat_0=45"
          "+lon_0=-100"
          "+x_0=0"
          "+y_0=0"
          "+a=6370997"
          "+b=6370997"
          "+units=m"
          "+no_defs"
        END
        TYPE     RASTER
		MASK MaskForWetland
        DUMP     TRUE
        STATUS   OFF
        DATA     %(DATA_DIR)s/fsdata-internal/efetac_nasa/AncillaryData/duration/duration_3pct_1yr/dur31yr_0624_0921/dur31yr_2006_0624_0921.tif
        HEADER   ./templates/layer_query_header.html
        TEMPLATE ./templates/layer_query_body.html
        INCLUDE "duration_12period.cmap"
        METADATA
            "wms_title"             "durcomb_2006"
            "wms_abstract"          "durcomb_2006"
            "gml_include_items"     "value_0"
        END  # end METADATA
    END # end LAYER

	LAYER
        NAME     durcomb_2006MaskForUrban
        PROJECTION
          "+proj=laea"
          "+lat_0=45"
          "+lon_0=-100"
          "+x_0=0"
          "+y_0=0"
          "+a=6370997"
          "+b=6370997"
          "+units=m"
          "+no_defs"
        END
        TYPE     RASTER
		MASK MaskForUrban
        DUMP     TRUE
        STATUS   OFF
        DATA     %(DATA_DIR)s/fsdata-internal/efetac_nasa/AncillaryData/duration/duration_3pct_1yr/dur31yr_0624_0921/dur31yr_2006_0624_0921.tif
        HEADER   ./templates/layer_query_header.html
        TEMPLATE ./templates/layer_query_body.html
        INCLUDE "duration_12period.cmap"
        METADATA
            "wms_title"             "durcomb_2006"
            "wms_abstract"          "durcomb_2006"
            "gml_include_items"     "value_0"
        END  # end METADATA
    END # end LAYER

	LAYER
        NAME     durcomb_2006MaskForShrubland
        PROJECTION
          "+proj=laea"
          "+lat_0=45"
          "+lon_0=-100"
          "+x_0=0"
          "+y_0=0"
          "+a=6370997"
          "+b=6370997"
          "+units=m"
          "+no_defs"
        END
        TYPE     RASTER
		MASK MaskForShrubland
        DUMP     TRUE
        STATUS   OFF
        DATA     %(DATA_DIR)s/fsdata-internal/efetac_nasa/AncillaryData/duration/duration_3pct_1yr/dur31yr_0624_0921/dur31yr_2006_0624_0921.tif
        HEADER   ./templates/layer_query_header.html
        TEMPLATE ./templates/layer_query_body.html
        INCLUDE "duration_12period.cmap"
        METADATA
            "wms_title"             "durcomb_2006"
            "wms_abstract"          "durcomb_2006"
            "gml_include_items"     "value_0"
        END  # end METADATA
    END # end LAYER
	LAYER
        NAME     durcomb_2006MaskForNonVegetated
        PROJECTION
          "+proj=laea"
          "+lat_0=45"
          "+lon_0=-100"
          "+x_0=0"
          "+y_0=0"
          "+a=6370997"
          "+b=6370997"
          "+units=m"
          "+no_defs"
        END
        TYPE     RASTER
		MASK MaskForNonVegetated
        DUMP     TRUE
        STATUS   OFF
        DATA     %(DATA_DIR)s/fsdata-internal/efetac_nasa/AncillaryData/duration/duration_3pct_1yr/dur31yr_0624_0921/dur31yr_2006_0624_0921.tif
        HEADER   ./templates/layer_query_header.html
        TEMPLATE ./templates/layer_query_body.html
        INCLUDE "duration_12period.cmap"
        METADATA
            "wms_title"             "durcomb_2006"
            "wms_abstract"          "durcomb_2006"
            "gml_include_items"     "value_0"
        END  # end METADATA
    END # end LAYER
	LAYER
        NAME     durcomb_2006MaskForGrass
        PROJECTION
          "+proj=laea"
          "+lat_0=45"
          "+lon_0=-100"
          "+x_0=0"
          "+y_0=0"
          "+a=6370997"
          "+b=6370997"
          "+units=m"
          "+no_defs"
        END
        TYPE     RASTER
		MASK MaskForGrass
        DUMP     TRUE
        STATUS   OFF
        DATA     %(DATA_DIR)s/fsdata-internal/efetac_nasa/AncillaryData/duration/duration_3pct_1yr/dur31yr_0624_0921/dur31yr_2006_0624_0921.tif
        HEADER   ./templates/layer_query_header.html
        TEMPLATE ./templates/layer_query_body.html
        INCLUDE "duration_12period.cmap"
        METADATA
            "wms_title"             "durcomb_2006"
            "wms_abstract"          "durcomb_2006"
            "gml_include_items"     "value_0"
        END  # end METADATA
    END # end LAYER
	LAYER
        NAME     durcomb_2006MaskForAgriculture
        PROJECTION
          "+proj=laea"
          "+lat_0=45"
          "+lon_0=-100"
          "+x_0=0"
          "+y_0=0"
          "+a=6370997"
          "+b=6370997"
          "+units=m"
          "+no_defs"
        END
        TYPE     RASTER
		MASK MaskForAgriculture
        DUMP     TRUE
        STATUS   OFF
        DATA     %(DATA_DIR)s/fsdata-internal/efetac_nasa/AncillaryData/duration/duration_3pct_1yr/dur31yr_0624_0921/dur31yr_2006_0624_0921.tif
        HEADER   ./templates/layer_query_header.html
        TEMPLATE ./templates/layer_query_body.html
        INCLUDE "duration_12period.cmap"
        METADATA
            "wms_title"             "durcomb_2006"
            "wms_abstract"          "durcomb_2006"
            "gml_include_items"     "value_0"
        END  # end METADATA
    END # end LAYER
















	LAYER
        NAME     durperiod1_2006
        PROJECTION
          "+proj=laea"
          "+lat_0=45"
          "+lon_0=-100"
          "+x_0=0"
          "+y_0=0"
          "+a=6370997"
          "+b=6370997"
          "+units=m"
          "+no_defs"
        END
        TYPE     RASTER
        DUMP     TRUE
        STATUS   OFF
        DATA     %(DATA_DIR)s/fsdata-internal/efetac_nasa/AncillaryData/duration/duration_3pct_1yr/dur31yr_0624_0804/dur31yr_2006_0624_0804.tif
        HEADER   ./templates/layer_query_header.html
        TEMPLATE ./templates/layer_query_body.html
        INCLUDE "duration_6period.cmap"
        METADATA
            "wms_title"             "durperiod1_2006"
            "wms_abstract"          "durperiod1_2006"
            "gml_include_items"     "value_0"
        END  # end METADATA
    END # end LAYER

	LAYER
        NAME     durperiod1_2006MaskForForest
        PROJECTION
          "+proj=laea"
          "+lat_0=45"
          "+lon_0=-100"
          "+x_0=0"
          "+y_0=0"
          "+a=6370997"
          "+b=6370997"
          "+units=m"
          "+no_defs"
        END
        TYPE     RASTER
		MASK MaskForForest
        DUMP     TRUE
        STATUS   OFF
        DATA     %(DATA_DIR)s/fsdata-internal/efetac_nasa/AncillaryData/duration/duration_3pct_1yr/dur31yr_0624_0804/dur31yr_2006_0624_0804.tif
        HEADER   ./templates/layer_query_header.html
        TEMPLATE ./templates/layer_query_body.html
        INCLUDE "duration_6period.cmap"
        METADATA
            "wms_title"             "durperiod1_2006"
            "wms_abstract"          "durperiod1_2006"
            "gml_include_items"     "value_0"
        END  # end METADATA
    END # end LAYER

	LAYER
        NAME     durperiod1_2006MaskForConiferForest
        PROJECTION
          "+proj=laea"
          "+lat_0=45"
          "+lon_0=-100"
          "+x_0=0"
          "+y_0=0"
          "+a=6370997"
          "+b=6370997"
          "+units=m"
          "+no_defs"
        END
        TYPE     RASTER
		MASK MaskForConiferForest
        DUMP     TRUE
        STATUS   OFF
        DATA     %(DATA_DIR)s/fsdata-internal/efetac_nasa/AncillaryData/duration/duration_3pct_1yr/dur31yr_0624_0804/dur31yr_2006_0624_0804.tif
        HEADER   ./templates/layer_query_header.html
        TEMPLATE ./templates/layer_query_body.html
        INCLUDE "duration_6period.cmap"
        METADATA
            "wms_title"             "durperiod1_2006"
            "wms_abstract"          "durperiod1_2006"
            "gml_include_items"     "value_0"
        END  # end METADATA
    END # end LAYER
	LAYER
        NAME     durperiod1_2006MaskForWetland
        PROJECTION
          "+proj=laea"
          "+lat_0=45"
          "+lon_0=-100"
          "+x_0=0"
          "+y_0=0"
          "+a=6370997"
          "+b=6370997"
          "+units=m"
          "+no_defs"
        END
        TYPE     RASTER
		MASK MaskForWetland
        DUMP     TRUE
        STATUS   OFF
        DATA     %(DATA_DIR)s/fsdata-internal/efetac_nasa/AncillaryData/duration/duration_3pct_1yr/dur31yr_0624_0804/dur31yr_2006_0624_0804.tif
        HEADER   ./templates/layer_query_header.html
        TEMPLATE ./templates/layer_query_body.html
        INCLUDE "duration_6period.cmap"
        METADATA
            "wms_title"             "durperiod1_2006"
            "wms_abstract"          "durperiod1_2006"
            "gml_include_items"     "value_0"
        END  # end METADATA
    END # end LAYER

	LAYER
        NAME     durperiod1_2006MaskForDeciduousForest
        PROJECTION
          "+proj=laea"
          "+lat_0=45"
          "+lon_0=-100"
          "+x_0=0"
          "+y_0=0"
          "+a=6370997"
          "+b=6370997"
          "+units=m"
          "+no_defs"
        END
        TYPE     RASTER
		MASK MaskForDeciduousForest
        DUMP     TRUE
        STATUS   OFF
        DATA     %(DATA_DIR)s/fsdata-internal/efetac_nasa/AncillaryData/duration/duration_3pct_1yr/dur31yr_0624_0804/dur31yr_2006_0624_0804.tif
        HEADER   ./templates/layer_query_header.html
        TEMPLATE ./templates/layer_query_body.html
        INCLUDE "duration_6period.cmap"
        METADATA
            "wms_title"             "durperiod1_2006"
            "wms_abstract"          "durperiod1_2006"
            "gml_include_items"     "value_0"
        END  # end METADATA
    END # end LAYER

	LAYER
        NAME     durperiod1_2006MaskForMixedForest
        PROJECTION
          "+proj=laea"
          "+lat_0=45"
          "+lon_0=-100"
          "+x_0=0"
          "+y_0=0"
          "+a=6370997"
          "+b=6370997"
          "+units=m"
          "+no_defs"
        END
        TYPE     RASTER
		MASK MaskForMixedForest
        DUMP     TRUE
        STATUS   OFF
        DATA     %(DATA_DIR)s/fsdata-internal/efetac_nasa/AncillaryData/duration/duration_3pct_1yr/dur31yr_0624_0804/dur31yr_2006_0624_0804.tif
        HEADER   ./templates/layer_query_header.html
        TEMPLATE ./templates/layer_query_body.html
        INCLUDE "duration_6period.cmap"
        METADATA
            "wms_title"             "durperiod1_2006"
            "wms_abstract"          "durperiod1_2006"
            "gml_include_items"     "value_0"
        END  # end METADATA
    END # end LAYER
	LAYER
        NAME     durperiod1_2006MaskForUrban
        PROJECTION
          "+proj=laea"
          "+lat_0=45"
          "+lon_0=-100"
          "+x_0=0"
          "+y_0=0"
          "+a=6370997"
          "+b=6370997"
          "+units=m"
          "+no_defs"
        END
        TYPE     RASTER
		MASK MaskForUrban
        DUMP     TRUE
        STATUS   OFF
        DATA     %(DATA_DIR)s/fsdata-internal/efetac_nasa/AncillaryData/duration/duration_3pct_1yr/dur31yr_0624_0804/dur31yr_2006_0624_0804.tif
        HEADER   ./templates/layer_query_header.html
        TEMPLATE ./templates/layer_query_body.html
        INCLUDE "duration_6period.cmap"
        METADATA
            "wms_title"             "durperiod1_2006"
            "wms_abstract"          "durperiod1_2006"
            "gml_include_items"     "value_0"
        END  # end METADATA
    END # end LAYER
	LAYER
        NAME     durperiod1_2006MaskForShrubland
        PROJECTION
          "+proj=laea"
          "+lat_0=45"
          "+lon_0=-100"
          "+x_0=0"
          "+y_0=0"
          "+a=6370997"
          "+b=6370997"
          "+units=m"
          "+no_defs"
        END
        TYPE     RASTER
		MASK MaskForShrubland
        DUMP     TRUE
        STATUS   OFF
        DATA     %(DATA_DIR)s/fsdata-internal/efetac_nasa/AncillaryData/duration/duration_3pct_1yr/dur31yr_0624_0804/dur31yr_2006_0624_0804.tif
        HEADER   ./templates/layer_query_header.html
        TEMPLATE ./templates/layer_query_body.html
        INCLUDE "duration_6period.cmap"
        METADATA
            "wms_title"             "durperiod1_2006"
            "wms_abstract"          "durperiod1_2006"
            "gml_include_items"     "value_0"
        END  # end METADATA
    END # end LAYER
	LAYER
        NAME     durperiod1_2006MaskForNonVegetated
        PROJECTION
          "+proj=laea"
          "+lat_0=45"
          "+lon_0=-100"
          "+x_0=0"
          "+y_0=0"
          "+a=6370997"
          "+b=6370997"
          "+units=m"
          "+no_defs"
        END
        TYPE     RASTER
		MASK MaskForNonVegetated
        DUMP     TRUE
        STATUS   OFF
        DATA     %(DATA_DIR)s/fsdata-internal/efetac_nasa/AncillaryData/duration/duration_3pct_1yr/dur31yr_0624_0804/dur31yr_2006_0624_0804.tif
        HEADER   ./templates/layer_query_header.html
        TEMPLATE ./templates/layer_query_body.html
        INCLUDE "duration_6period.cmap"
        METADATA
            "wms_title"             "durperiod1_2006"
            "wms_abstract"          "durperiod1_2006"
            "gml_include_items"     "value_0"
        END  # end METADATA
    END # end LAYER
	LAYER
        NAME     durperiod1_2006MaskForGrass
        PROJECTION
          "+proj=laea"
          "+lat_0=45"
          "+lon_0=-100"
          "+x_0=0"
          "+y_0=0"
          "+a=6370997"
          "+b=6370997"
          "+units=m"
          "+no_defs"
        END
        TYPE     RASTER
		MASK MaskForGrass
        DUMP     TRUE
        STATUS   OFF
        DATA     %(DATA_DIR)s/fsdata-internal/efetac_nasa/AncillaryData/duration/duration_3pct_1yr/dur31yr_0624_0804/dur31yr_2006_0624_0804.tif
        HEADER   ./templates/layer_query_header.html
        TEMPLATE ./templates/layer_query_body.html
        INCLUDE "duration_6period.cmap"
        METADATA
            "wms_title"             "durperiod1_2006"
            "wms_abstract"          "durperiod1_2006"
            "gml_include_items"     "value_0"
        END  # end METADATA
    END # end LAYER
	LAYER
        NAME     durperiod1_2006MaskForAgriculture
        PROJECTION
          "+proj=laea"
          "+lat_0=45"
          "+lon_0=-100"
          "+x_0=0"
          "+y_0=0"
          "+a=6370997"
          "+b=6370997"
          "+units=m"
          "+no_defs"
        END
        TYPE     RASTER
		MASK MaskForAgriculture
        DUMP     TRUE
        STATUS   OFF
        DATA     %(DATA_DIR)s/fsdata-internal/efetac_nasa/AncillaryData/duration/duration_3pct_1yr/dur31yr_0624_0804/dur31yr_2006_0624_0804.tif
        HEADER   ./templates/layer_query_header.html
        TEMPLATE ./templates/layer_query_body.html
        INCLUDE "duration_6period.cmap"
        METADATA
            "wms_title"             "durperiod1_2006"
            "wms_abstract"          "durperiod1_2006"
            "gml_include_items"     "value_0"
        END  # end METADATA
    END # end LAYER























	LAYER
        NAME     durperiod2_2006
        PROJECTION
          "+proj=laea"
          "+lat_0=45"
          "+lon_0=-100"
          "+x_0=0"
          "+y_0=0"
          "+a=6370997"
          "+b=6370997"
          "+units=m"
          "+no_defs"
        END
        TYPE     RASTER
        DUMP     TRUE
        STATUS   OFF
        DATA     %(DATA_DIR)s/fsdata-internal/efetac_nasa/AncillaryData/duration/duration_3pct_1yr/dur31yr_0812_0921/dur31yr_2006_0812_0921.tif
        HEADER   ./templates/layer_query_header.html
        TEMPLATE ./templates/layer_query_body.html
        INCLUDE "duration_6period.cmap"
        METADATA
            "wms_title"             "durperiod2_2006"
            "wms_abstract"          "durperiod2_2006"
            "gml_include_items"     "value_0"
        END  # end METADATA
    END # end LAYER

	LAYER
        NAME     durperiod2_2006MaskForForest
        PROJECTION
          "+proj=laea"
          "+lat_0=45"
          "+lon_0=-100"
          "+x_0=0"
          "+y_0=0"
          "+a=6370997"
          "+b=6370997"
          "+units=m"
          "+no_defs"
        END
        TYPE     RASTER
		MASK MaskForForest
        DUMP     TRUE
        STATUS   OFF
        DATA     %(DATA_DIR)s/fsdata-internal/efetac_nasa/AncillaryData/duration/duration_3pct_1yr/dur31yr_0812_0921/dur31yr_2006_0812_0921.tif
        HEADER   ./templates/layer_query_header.html
        TEMPLATE ./templates/layer_query_body.html
        INCLUDE "duration_6period.cmap"
        METADATA
            "wms_title"             "durperiod2_2006"
            "wms_abstract"          "durperiod2_2006"
            "gml_include_items"     "value_0"
        END  # end METADATA
    END # end LAYER

	LAYER
        NAME     durperiod2_2006MaskForConiferForest
        PROJECTION
          "+proj=laea"
          "+lat_0=45"
          "+lon_0=-100"
          "+x_0=0"
          "+y_0=0"
          "+a=6370997"
          "+b=6370997"
          "+units=m"
          "+no_defs"
        END
        TYPE     RASTER
		MASK MaskForConiferForest
        DUMP     TRUE
        STATUS   OFF
        DATA     %(DATA_DIR)s/fsdata-internal/efetac_nasa/AncillaryData/duration/duration_3pct_1yr/dur31yr_0812_0921/dur31yr_2006_0812_0921.tif
        HEADER   ./templates/layer_query_header.html
        TEMPLATE ./templates/layer_query_body.html
        INCLUDE "duration_6period.cmap"
        METADATA
            "wms_title"             "durperiod2_2006"
            "wms_abstract"          "durperiod2_2006"
            "gml_include_items"     "value_0"
        END  # end METADATA
    END # end LAYER

	LAYER
        NAME     durperiod2_2006MaskForDeciduousForest
        PROJECTION
          "+proj=laea"
          "+lat_0=45"
          "+lon_0=-100"
          "+x_0=0"
          "+y_0=0"
          "+a=6370997"
          "+b=6370997"
          "+units=m"
          "+no_defs"
        END
        TYPE     RASTER
		MASK MaskForDeciduousForest
        DUMP     TRUE
        STATUS   OFF
        DATA     %(DATA_DIR)s/fsdata-internal/efetac_nasa/AncillaryData/duration/duration_3pct_1yr/dur31yr_0812_0921/dur31yr_2006_0812_0921.tif
        HEADER   ./templates/layer_query_header.html
        TEMPLATE ./templates/layer_query_body.html
        INCLUDE "duration_6period.cmap"
        METADATA
            "wms_title"             "durperiod2_2006"
            "wms_abstract"          "durperiod2_2006"
            "gml_include_items"     "value_0"
        END  # end METADATA
    END # end LAYER
	LAYER
        NAME     durperiod2_2006MaskForMixedForest
        PROJECTION
          "+proj=laea"
          "+lat_0=45"
          "+lon_0=-100"
          "+x_0=0"
          "+y_0=0"
          "+a=6370997"
          "+b=6370997"
          "+units=m"
          "+no_defs"
        END
        TYPE     RASTER
		MASK MaskForMixedForest
        DUMP     TRUE
        STATUS   OFF
        DATA     %(DATA_DIR)s/fsdata-internal/efetac_nasa/AncillaryData/duration/duration_3pct_1yr/dur31yr_0812_0921/dur31yr_2006_0812_0921.tif
        HEADER   ./templates/layer_query_header.html
        TEMPLATE ./templates/layer_query_body.html
        INCLUDE "duration_6period.cmap"
        METADATA
            "wms_title"             "durperiod2_2006"
            "wms_abstract"          "durperiod2_2006"
            "gml_include_items"     "value_0"
        END  # end METADATA
    END # end LAYER
	LAYER
        NAME     durperiod2_2006MaskForWetland
        PROJECTION
          "+proj=laea"
          "+lat_0=45"
          "+lon_0=-100"
          "+x_0=0"
          "+y_0=0"
          "+a=6370997"
          "+b=6370997"
          "+units=m"
          "+no_defs"
        END
        TYPE     RASTER
		MASK MaskForWetland
        DUMP     TRUE
        STATUS   OFF
        DATA     %(DATA_DIR)s/fsdata-internal/efetac_nasa/AncillaryData/duration/duration_3pct_1yr/dur31yr_0812_0921/dur31yr_2006_0812_0921.tif
        HEADER   ./templates/layer_query_header.html
        TEMPLATE ./templates/layer_query_body.html
        INCLUDE "duration_6period.cmap"
        METADATA
            "wms_title"             "durperiod2_2006"
            "wms_abstract"          "durperiod2_2006"
            "gml_include_items"     "value_0"
        END  # end METADATA
    END # end LAYER
	LAYER
        NAME     durperiod2_2006MaskForUrban
        PROJECTION
          "+proj=laea"
          "+lat_0=45"
          "+lon_0=-100"
          "+x_0=0"
          "+y_0=0"
          "+a=6370997"
          "+b=6370997"
          "+units=m"
          "+no_defs"
        END
        TYPE     RASTER
		MASK MaskForUrban
        DUMP     TRUE
        STATUS   OFF
        DATA     %(DATA_DIR)s/fsdata-internal/efetac_nasa/AncillaryData/duration/duration_3pct_1yr/dur31yr_0812_0921/dur31yr_2006_0812_0921.tif
        HEADER   ./templates/layer_query_header.html
        TEMPLATE ./templates/layer_query_body.html
        INCLUDE "duration_6period.cmap"
        METADATA
            "wms_title"             "durperiod2_2006"
            "wms_abstract"          "durperiod2_2006"
            "gml_include_items"     "value_0"
        END  # end METADATA
    END # end LAYER
	LAYER
        NAME     durperiod2_2006MaskForShrubland
        PROJECTION
          "+proj=laea"
          "+lat_0=45"
          "+lon_0=-100"
          "+x_0=0"
          "+y_0=0"
          "+a=6370997"
          "+b=6370997"
          "+units=m"
          "+no_defs"
        END
        TYPE     RASTER
		MASK MaskForShrubland
        DUMP     TRUE
        STATUS   OFF
        DATA     %(DATA_DIR)s/fsdata-internal/efetac_nasa/AncillaryData/duration/duration_3pct_1yr/dur31yr_0812_0921/dur31yr_2006_0812_0921.tif
        HEADER   ./templates/layer_query_header.html
        TEMPLATE ./templates/layer_query_body.html
        INCLUDE "duration_6period.cmap"
        METADATA
            "wms_title"             "durperiod2_2006"
            "wms_abstract"          "durperiod2_2006"
            "gml_include_items"     "value_0"
        END  # end METADATA
    END # end LAYER
	LAYER
        NAME     durperiod2_2006MaskForNonVegetated
        PROJECTION
          "+proj=laea"
          "+lat_0=45"
          "+lon_0=-100"
          "+x_0=0"
          "+y_0=0"
          "+a=6370997"
          "+b=6370997"
          "+units=m"
          "+no_defs"
        END
        TYPE     RASTER
		MASK MaskForNonVegetated
        DUMP     TRUE
        STATUS   OFF
        DATA     %(DATA_DIR)s/fsdata-internal/efetac_nasa/AncillaryData/duration/duration_3pct_1yr/dur31yr_0812_0921/dur31yr_2006_0812_0921.tif
        HEADER   ./templates/layer_query_header.html
        TEMPLATE ./templates/layer_query_body.html
        INCLUDE "duration_6period.cmap"
        METADATA
            "wms_title"             "durperiod2_2006"
            "wms_abstract"          "durperiod2_2006"
            "gml_include_items"     "value_0"
        END  # end METADATA
    END # end LAYER
	LAYER
        NAME     durperiod2_2006MaskForGrass
        PROJECTION
          "+proj=laea"
          "+lat_0=45"
          "+lon_0=-100"
          "+x_0=0"
          "+y_0=0"
          "+a=6370997"
          "+b=6370997"
          "+units=m"
          "+no_defs"
        END
        TYPE     RASTER
		MASK MaskForGrass
        DUMP     TRUE
        STATUS   OFF
        DATA     %(DATA_DIR)s/fsdata-internal/efetac_nasa/AncillaryData/duration/duration_3pct_1yr/dur31yr_0812_0921/dur31yr_2006_0812_0921.tif
        HEADER   ./templates/layer_query_header.html
        TEMPLATE ./templates/layer_query_body.html
        INCLUDE "duration_6period.cmap"
        METADATA
            "wms_title"             "durperiod2_2006"
            "wms_abstract"          "durperiod2_2006"
            "gml_include_items"     "value_0"
        END  # end METADATA
    END # end LAYER
	LAYER
        NAME     durperiod2_2006MaskForAgriculture
        PROJECTION
          "+proj=laea"
          "+lat_0=45"
          "+lon_0=-100"
          "+x_0=0"
          "+y_0=0"
          "+a=6370997"
          "+b=6370997"
          "+units=m"
          "+no_defs"
        END
        TYPE     RASTER
		MASK MaskForAgriculture
        DUMP     TRUE
        STATUS   OFF
        DATA     %(DATA_DIR)s/fsdata-internal/efetac_nasa/AncillaryData/duration/duration_3pct_1yr/dur31yr_0812_0921/dur31yr_2006_0812_0921.tif
        HEADER   ./templates/layer_query_header.html
        TEMPLATE ./templates/layer_query_body.html
        INCLUDE "duration_6period.cmap"
        METADATA
            "wms_title"             "durperiod2_2006"
            "wms_abstract"          "durperiod2_2006"
            "gml_include_items"     "value_0"
        END  # end METADATA
    END # end LAYER

