MAP
	#CONFIG "MS_ERRORFILE" "%(MS_ERRORFILE)s"
	#DEBUG 5

	NAME %(TEMP_FILE_PREFIX)s

	IMAGECOLOR 255 255 255

	SIZE 600 400
	MAXSIZE 4000
	STATUS ON

	PROJECTION
	 %(MAPFILE_PROJECTION)s
	END

	EXTENT %(MAPFILE_EXTENT)s

	OUTPUTFORMAT
	 NAME png
	 DRIVER "GD/PNG"
	 MIMETYPE "image/png"
	 IMAGEMODE RGB
	 EXTENSION "png"
	END

	OUTPUTFORMAT
	  NAME "GEOTIFF"
	  DRIVER "GDAL/GTiff"
	  MIMETYPE "image/tiff"
	  IMAGEMODE "BYTE"
	  EXTENSION "tif"
	END

	SYMBOLSET "./symbols/symbols35.sym"
	FONTSET   "./fonts/fonts.list"

	WEB
		IMAGEPATH "./tmp"
		IMAGEURL "/tmp/"
		HEADER "./templates/query_header.html"
		FOOTER "./templates/query_footer.html"
		METADATA
			"wms_extent"				"%(WMS_EXTENT)s"
			"wms_title"				"%(OWS_TITLE)s"
			"wms_abstract"				"%(OWS_ABSTRACT)s"
			"wms_onlineresource"			"%(SERVICE_URL)s"
			"wms_srs"				"%(WMS_SRS)s"
			"wcs_label"				"%(WCS_LABEL)s"
			"wcs_srs"				"%(WCS_SRS)s"
			"ows_contactorganization"		"UNCA's NEMAC"
			"wcs_enable_request"			"*"
			"wms_enable_request"			"*"
		END
	END

	QUERYMAP
		STATUS OFF
	END

	LEGEND
	  STATUS ON
	  LABEL
		COLOR 0 0 0
		FONT "vera_serif"
		TYPE truetype
		SIZE 9
		POSITION cl
	  END
	END


%(LAYERS)s

	LAYER
		NAME MaskForForest
		PROJECTION
		  "+proj=laea"
		  "+lat_0=45"
		  "+lon_0=-100"
		  "+x_0=0"
		  "+y_0=0"
		  "+a=6370997"
		  "+b=6370997"
		  "+units=m"
		  "+no_defs"
		END
		TYPE	 RASTER
		DUMP	 TRUE
		STATUS   OFF
		GROUP Masks
		DATA	 %(DATA_DIR)s/fsdata-internal/efetac_nasa/Mask/final2_ALLFOREST_mask_nalcms2010_hybrid2016nlcd_9class.img
		CLASS
			EXPRESSION ([pixel] > 0)
			COLOR 0 0 0
		END
		METADATA
			"wms_title"				"MaskForForest"
			"wms_abstract"				"MaskForForest"
			"wcs_label"				"MaskForForest"
			"wcs_rangeset_name"			"MaskForForest"
			"wcs_rangeset_label"			"MaskForForest"
			"wcs_bandcount"				"1"
			"wcs_formats"				"GEOTIFF"
			"wcs_nativeformat"			"8-bit GeoTIF"
			"wcs_enable_request"			"*"
			"wcs_srs"				"%(WCS_SRS)s"
		END
	END
	LAYER
		NAME MaskForAgriculture
		PROJECTION
		  "+proj=laea"
		  "+lat_0=45"
		  "+lon_0=-100"
		  "+x_0=0"
		  "+y_0=0"
		  "+a=6370997"
		  "+b=6370997"
		  "+units=m"
		  "+no_defs"
		END
		GROUP Masks
		TYPE	 RASTER
		DUMP	 TRUE
		STATUS   OFF
		DATA	 %(DATA_DIR)s/fsdata-internal/efetac_nasa/Mask/final2_AGRICULTURE_mask_nalcms2010_hybrid2016nlcd_9class.img
		CLASS
			EXPRESSION ([pixel] = 1)
			COLOR 0 0 0
		END
		METADATA
			"wms_title"			"MaskForAgriculture"
			"wms_abstract"		  	"MaskForAgriculture"
			"wcs_label"			"MaskForAgriculture"
			"wcs_rangeset_name"	 	"MaskForAgriculture"
			"wcs_rangeset_label"		"MaskForAgriculture"
			"wcs_bandcount"			"1"
			"wcs_formats"			"GEOTIFF"
			"wcs_nativeformat"		"8-bit GeoTIF"
			"wcs_enable_request"		"*"
			"wcs_srs"			"%(WCS_SRS)s"
		END
	END
	LAYER
		NAME MaskForConiferForest
		PROJECTION
		  "+proj=laea"
		  "+lat_0=45"
		  "+lon_0=-100"
		  "+x_0=0"
		  "+y_0=0"
		  "+a=6370997"
		  "+b=6370997"
		  "+units=m"
		  "+no_defs"
		END
		GROUP Masks
		TYPE	 RASTER
		DUMP	 TRUE
		STATUS   OFF
		DATA	 %(DATA_DIR)s/fsdata-internal/efetac_nasa/Mask/final2_EVERGREEN_mask_nalcms2010_hybrid2016nlcd_9class.img
		CLASS
			EXPRESSION ([pixel] > 0)
			COLOR 0 0 0
		END
		METADATA
			"wms_title"			"MaskForConiferForest"
			"wms_abstract"		  	"MaskForConiferForest"
			"wcs_label"			"MaskForConiferForest"
			"wcs_rangeset_name"	 	"MaskForConiferForest"
			"wcs_rangeset_label"		"MaskForConiferForest"
			"wcs_bandcount"			"1"
			"wcs_formats"			"GEOTIFF"
			"wcs_nativeformat"		"8-bit GeoTIF"
			"wcs_enable_request"		"*"
			"wcs_srs"			"%(WCS_SRS)s"
		END
	END
	LAYER
		NAME MaskForDeciduousForest
		PROJECTION
		  "+proj=laea"
		  "+lat_0=45"
		  "+lon_0=-100"
		  "+x_0=0"
		  "+y_0=0"
		  "+a=6370997"
		  "+b=6370997"
		  "+units=m"
		  "+no_defs"
		END
		GROUP Masks
		TYPE	 RASTER
		DUMP	 TRUE
		STATUS   OFF
		DATA	 %(DATA_DIR)s/fsdata-internal/efetac_nasa/Mask/final2_DECIDUOUS_mask_nalcms2010_hybrid2016nlcd_9class.img
		CLASS
			EXPRESSION ([pixel] > 0)
			COLOR 0 0 0
		END
		METADATA
			"wms_title"			"MaskForDeciduousForest"
			"wms_abstract"		  	"MaskForDeciduousForest"
			"wcs_label"			"MaskForDeciduousForest"
			"wcs_rangeset_name"	 	"MaskForDeciduousForest"
			"wcs_rangeset_label"		"MaskForDeciduousForest"
			"wcs_bandcount"			"1"
			"wcs_formats"			"GEOTIFF"
			"wcs_nativeformat"		"8-bit GeoTIF"
			"wcs_enable_request"		"*"
			"wcs_srs"			"%(WCS_SRS)s"
		END
	END
	LAYER
		NAME MaskForGrass
		PROJECTION
		  "+proj=laea"
		  "+lat_0=45"
		  "+lon_0=-100"
		  "+x_0=0"
		  "+y_0=0"
		  "+a=6370997"
		  "+b=6370997"
		  "+units=m"
		  "+no_defs"
		END
		GROUP Masks
		TYPE	 RASTER
		DUMP	 TRUE
		STATUS   OFF
		DATA	 %(DATA_DIR)s/fsdata-internal/efetac_nasa/Mask/final2_GRASS_mask_nalcms2010_hybrid2016nlcd_9class.img
		CLASS
			EXPRESSION ([pixel] > 0)
			COLOR 0 0 0
		END
		METADATA
			"wms_title"			"MaskForGrass"
			"wms_abstract"		  	"MaskForGrass"
			"wcs_label"			"MaskForGrass"
			"wcs_rangeset_name"	 	"MaskForGrass"
			"wcs_rangeset_label"		"MaskForGrass"
			"wcs_bandcount"			"1"
			"wcs_formats"			"GEOTIFF"
			"wcs_nativeformat"		"8-bit GeoTIF"
			"wcs_enable_request"		"*"
			"wcs_srs"			"%(WCS_SRS)s"
		END
	END
	LAYER
		NAME MaskForMixedForest
		PROJECTION
		  "+proj=laea"
		  "+lat_0=45"
		  "+lon_0=-100"
		  "+x_0=0"
		  "+y_0=0"
		  "+a=6370997"
		  "+b=6370997"
		  "+units=m"
		  "+no_defs"
		END
		GROUP Masks
		TYPE	 RASTER
		DUMP	 TRUE
		STATUS   OFF
		DATA	 %(DATA_DIR)s/fsdata-internal/efetac_nasa/Mask/final2_MIXED_FOREST_mask_nalcms2010_hybrid2016nlcd_9class.img
		CLASS
			EXPRESSION ([pixel] > 0)
			COLOR 0 0 0
		END
		METADATA
			"wms_title"			"MaskForMixedForest"
			"wms_abstract"			"MaskForMixedForest"
			"wcs_label"			"MaskForMixedForest"
			"wcs_rangeset_name"	 	"MaskForMixedForest"
			"wcs_rangeset_label"		"MaskForMixedForest"
			"wcs_bandcount"			"1"
			"wcs_formats"			"GEOTIFF"
			"wcs_nativeformat"		"8-bit GeoTIF"
			"wcs_enable_request"		"*"
			"wcs_srs"			"%(WCS_SRS)s"
		END
	END
	LAYER
		NAME MaskForNonVegetated
		PROJECTION
		  "+proj=laea"
		  "+lat_0=45"
		  "+lon_0=-100"
		  "+x_0=0"
		  "+y_0=0"
		  "+a=6370997"
		  "+b=6370997"
		  "+units=m"
		  "+no_defs"
		END
		GROUP Masks
		TYPE	 RASTER
		DUMP	 TRUE
		STATUS   OFF
		DATA	 %(DATA_DIR)s/fsdata-internal/efetac_nasa/Mask/final2_NON_VEGETATED_mask_nalcms2010_hybrid2016nlcd_9class.img
		CLASS
			EXPRESSION ([pixel] > 0)
			COLOR 0 0 0
		END
		METADATA
			"wms_title"			"MaskForNonVegetated"
			"wms_abstract"			"MaskForNonVegetated"
			"wcs_label"			"MaskForNonVegetated"
			"wcs_rangeset_name"		"MaskForNonVegetated"
			"wcs_rangeset_label"		"MaskForNonVegetated"
			"wcs_bandcount"			"1"
			"wcs_formats"			"GEOTIFF"
			"wcs_nativeformat"		"8-bit GeoTIF"
			"wcs_enable_request"		"*"
			"wcs_srs"			"%(WCS_SRS)s"
		END  # end METADATA
	END # end LAYER		
	LAYER
		NAME MaskForShrubland
		PROJECTION
		  "+proj=laea"
		  "+lat_0=45"
		  "+lon_0=-100"
		  "+x_0=0"
		  "+y_0=0"
		  "+a=6370997"
		  "+b=6370997"
		  "+units=m"
		  "+no_defs"
		END
		GROUP Masks
		TYPE	 RASTER
		DUMP	 TRUE
		STATUS   OFF
		DATA	 %(DATA_DIR)s/fsdata-internal/efetac_nasa/Mask/final2_SHRUB_mask_nalcms2010_hybrid2016nlcd_9class.img
		CLASS
			EXPRESSION ([pixel] > 0)
			COLOR 0 0 0
		END
		METADATA
			"wms_title"			"MaskForShrubland"
			"wms_abstract"		  	"MaskForShrubland"
			"wcs_label"			"MaskForShrubland"
			"wcs_rangeset_name"	 	"MaskForShrubland"
			"wcs_rangeset_label"		"MaskForShrubland"
			"wcs_bandcount"			"1"
			"wcs_formats"			"GEOTIFF"
			"wcs_nativeformat"		"8-bit GeoTIF"
			"wcs_enable_request"		"*"
			"wcs_srs"			"%(WCS_SRS)s"
		END  # end METADATA
	END # end LAYER		
	LAYER
		NAME MaskForUrban
		PROJECTION
		  "+proj=laea"
		  "+lat_0=45"
		  "+lon_0=-100"
		  "+x_0=0"
		  "+y_0=0"
		  "+a=6370997"
		  "+b=6370997"
		  "+units=m"
		  "+no_defs"
		END
		GROUP Masks
		TYPE	 RASTER
		DUMP	 TRUE
		STATUS   OFF
		DATA	 %(DATA_DIR)s/fsdata-internal/efetac_nasa/Mask/final2_URBAN_mask_nalcms2010_hybrid2016nlcd_9class.img
		CLASS
			EXPRESSION ([pixel] > 0)
			COLOR 0 0 0
		END
		METADATA
			"wms_title"			"MaskForUrban"
			"wms_abstract"			"MaskForUrban"
			"wcs_label"			 "MaskForUrban"
			"wcs_rangeset_name"	 	"MaskForUrban"
			"wcs_rangeset_label"		"MaskForUrban"
			"wcs_bandcount"			"1"
			"wcs_formats"			"GEOTIFF"
			"wcs_nativeformat"		"8-bit GeoTIF"
			"wcs_enable_request"		"*"
			"wcs_srs"			"%(WCS_SRS)s"
		END
	END
	LAYER
		NAME MaskForWetland
		PROJECTION
		  "+proj=laea"
		  "+lat_0=45"
		  "+lon_0=-100"
		  "+x_0=0"
		  "+y_0=0"
		  "+a=6370997"
		  "+b=6370997"
		  "+units=m"
		  "+no_defs"
		END
		GROUP Masks
		TYPE	 RASTER
		DUMP	 TRUE
		STATUS   OFF
		DATA	 %(DATA_DIR)s/fsdata-internal/efetac_nasa/Mask/final2_WETLAND_mask_nalcms2010_hybrid2016nlcd_9class.img
		CLASS
			EXPRESSION ([pixel] = 1)
			COLOR 0 0 0
		END
		METADATA
			"wms_title"			"MaskForWetland"
			"wms_abstract"		  	"MaskForWetland"
			"wcs_label"			"MaskForWetland"
			"wcs_rangeset_name"	 	"MaskForWetland"
			"wcs_rangeset_label"		"MaskForWetland"
			"wcs_bandcount"			"1"
			"wcs_formats"			"GEOTIFF"
			"wcs_nativeformat"		"8-bit GeoTIF"
			"wcs_enable_request"		"*"
			"wcs_srs"			"%(WCS_SRS)s"
		END
	END
END
