MAP
    # the following two lines tell MapServer to write debugging output to a log file.  Remove the '#' from the beginning
    # of the two lines below to enable this logging:
    #CONFIG "MS_ERRORFILE" "../var/log/vlayers.log"
    #DEBUG 5

    # all temp files get prefixed with this string
    NAME ms_fire

    #jdm:added to accomodate map layers
    #see http://trac.osgeo.org/mapserver/ticket/3055
    MAXSIZE 3072 
    
    # background color of image if transparency
    # is not requested
    IMAGECOLOR 255 255 255

    # default output image dimensions
    SIZE 600 400

    # always returns a map
    STATUS ON

    # set top level projection
    PROJECTION
        "init=epsg:3857"
    END

    # image format options
    OUTPUTFORMAT
        NAME "PNG"
        DRIVER "GDAL/PNG"
        MIMETYPE "image/png"
        IMAGEMODE "RGB"
        EXTENSION "png"
    END

    # minx miny maxx maxy
    EXTENT    -124.733174 24.543940 -66.950005 49.384359 # US

    # add def pointers for symbols
    SYMBOLSET "./symbols/symbols35.sym"
    FONTSET   "./fonts/fonts.list"

    # Start of web interface definition
    WEB

        # this is the real filepath to the temp dir for intermediate file creation
        IMAGEPATH "./tmp"

        # this is the web-accessible path to IMAGEPATH
        IMAGEURL "/tmp/"

        HEADER "./templates/query_header.html"
        FOOTER "./templates/query_footer.html"

        METADATA
            "ows_enable_request"     "*"
            "wms_title"              "NEMAC fire WMS"
            "wms_abstract"           "NEMAC fire WMS"
            "wms_onlineresource"     "%(SERVICE_URL)s"
            "wms_srs"                "EPSG:3857 EPSG:4326 EPSG:900913"
        END
    END

    QUERYMAP
        STATUS OFF
    END

    # set defaults for GetLegendGraphic requests 
    LEGEND
        KEYSIZE 30 20
    END

    LAYER #
        NAME mtbs_2016
        PROJECTION
            "init=epsg:4326"
        END
        CONNECTIONTYPE   postgis
        CONNECTION       "%(POSTGIS_CONNECTION_STRING)s"
        DATA             "geom from vw_conus_fireperims_mtbs_2016 USING UNIQUE gid"
				
        EXTENT           -124.733174 24.543940 -66.950005 49.384359 # US
        STATUS           OFF
        TYPE             POLYGON
        DUMP             TRUE
        HEADER           ./templates/layer_query_header.html
        TEMPLATE         ./templates/layer_query_body.html
	CLASS
		MINSCALEDENOM 0
		MAXSCALEDENOM 200000
            STYLE
                OUTLINECOLOR 90 0 0 
				WIDTH 4
            END
        END
		CLASS
            NAME "MTBS Fire 2016"
	    MINSCALEDENOM 200000
            STYLE
                OUTLINECOLOR 90 0 0 
				WIDTH 2
            END
        END
        METADATA
            "wms_title"          "mtbs_2016"
            "wms_abstract"       "mtbs_2016"
            "gml_include_items"  "fire_name,fire_id,fire_startmonth,fire_startday,acres,fire_type"
        END  # end METADATA
    END # end Layer

    LAYER #
        NAME mtbs_2015
        PROJECTION
            "init=epsg:4326"
        END
        CONNECTIONTYPE   postgis
        CONNECTION       "%(POSTGIS_CONNECTION_STRING)s"
        DATA             "geom from vw_conus_fireperims_mtbs_2015 USING UNIQUE gid"
				
        EXTENT           -124.733174 24.543940 -66.950005 49.384359 # US
        STATUS           OFF
        TYPE             POLYGON
        DUMP             TRUE
        HEADER           ./templates/layer_query_header.html
        TEMPLATE         ./templates/layer_query_body.html
	CLASS
		MINSCALEDENOM 0
		MAXSCALEDENOM 200000
            STYLE
                OUTLINECOLOR 90 0 0 
				WIDTH 4
            END
        END
		CLASS
            NAME "MTBS Fire 2015"
			MINSCALEDENOM 200000
            STYLE
                OUTLINECOLOR 90 0 0 
				WIDTH 2
            END
        END
        METADATA
            "wms_title"          "mtbs_2015"
            "wms_abstract"       "mtbs_2015"
            "gml_include_items"  "fire_name,fire_id,fire_startmonth,fire_startday,acres,fire_type"
        END  # end METADATA
    END # end Layer
	
	
    LAYER #
        NAME mtbs_2014
        PROJECTION
            "init=epsg:4326"
        END
        CONNECTIONTYPE   postgis
        CONNECTION       "%(POSTGIS_CONNECTION_STRING)s"
        DATA             "geom from vw_conus_fireperims_2014 USING UNIQUE gid"
				
        EXTENT           -124.733174 24.543940 -66.950005 49.384359 # US
        STATUS           OFF
        TYPE             POLYGON
        DUMP             TRUE
        HEADER           ./templates/layer_query_header.html
        TEMPLATE         ./templates/layer_query_body.html
        #FILTERITEM year
		#FILTER year=2013
		CLASS
            #NAME "MTBS Fire 2014"
			MINSCALEDENOM 0
			MAXSCALEDENOM 200000
            STYLE
                #COLOR        255 255 255
                OUTLINECOLOR 90 0 0 
				WIDTH 4
            END
        END
		CLASS
            NAME "MTBS Fire 2014"
			MINSCALEDENOM 200000
            STYLE
                #COLOR        255 255 255
                OUTLINECOLOR 90 0 0 
				WIDTH 2
            END
        END
        METADATA
            "wms_title"          "mtbs_2014"
            "wms_abstract"       "mtbs_2014"
            "gml_include_items"  "fire_name,fire_id,fire_date,acres,fire_type"
        END  # end METADATA
    END # end Layer
	
	LAYER #
        NAME mtbs_2013
        PROJECTION
            "init=epsg:4326"
        END
        CONNECTIONTYPE   postgis
        CONNECTION       "%(POSTGIS_CONNECTION_STRING)s"
        DATA             "geom from vw_conus_fireperims_2013 USING UNIQUE gid"
				
        EXTENT           -124.733174 24.543940 -66.950005 49.384359 # US
        STATUS           OFF
        TYPE             POLYGON
        DUMP             TRUE
        HEADER           ./templates/layer_query_header.html
        TEMPLATE         ./templates/layer_query_body.html
        #FILTERITEM year
		#FILTER year=2013
		CLASS
            #NAME "MTBS Fire 2013"
			MINSCALEDENOM 0
			MAXSCALEDENOM 200000
            STYLE
                #COLOR        255 255 255
                OUTLINECOLOR 90 0 0 
				WIDTH 4
            END
        END
		CLASS
            NAME "MTBS Fire 2013"
			MINSCALEDENOM 200000
            STYLE
                #COLOR        255 255 255
                OUTLINECOLOR 90 0 0 
				WIDTH 2
            END
        END
        METADATA
            "wms_title"          "mtbs_2013"
            "wms_abstract"       "mtbs_2013"
            "gml_include_items"  "fire_name,fire_id,fire_date,acres,fire_type"
        END  # end METADATA
    END # end Layer
	
	LAYER #
        NAME mtbs_2012
        PROJECTION
            "init=epsg:4326"
        END
        CONNECTIONTYPE   postgis
        CONNECTION       "%(POSTGIS_CONNECTION_STRING)s"
        DATA             "geom from vw_conus_fireperims_2012 USING UNIQUE gid"
		
        EXTENT           -124.733174 24.543940 -66.950005 49.384359 # US
        STATUS           OFF
        TYPE             POLYGON
        DUMP             TRUE
        HEADER           ./templates/layer_query_header.html
        TEMPLATE         ./templates/layer_query_body.html
        
		#FILTERITEM year
		#FILTER year=2012
		CLASS
            #NAME "MTBS Fire 2012"
			MINSCALEDENOM 0
			MAXSCALEDENOM 200000
            STYLE
                #COLOR        255 255 255
                OUTLINECOLOR 90 0 0 
				WIDTH 4
            END
        END
		CLASS
            NAME "MTBS Fire 2012"
			MINSCALEDENOM 200000
            STYLE
                #COLOR        255 255 255
                OUTLINECOLOR 90 0 0 
				WIDTH 2
            END
        END
        METADATA
            "wms_title"          "mtbs_2012"
            "wms_abstract"       "mtbs_2012"
            "gml_include_items"  "fire_name,fire_id,fire_date,acres,fire_type"
        END  # end METADATA
    END # end Layer
	
	LAYER #
        NAME mtbs_2011
        PROJECTION
            "init=epsg:4326"
        END
        CONNECTIONTYPE   postgis
        CONNECTION       "%(POSTGIS_CONNECTION_STRING)s"
        DATA             "geom from vw_conus_fireperims_2011 USING UNIQUE gid"
		
        EXTENT           -124.733174 24.543940 -66.950005 49.384359 # US
        STATUS           OFF
        TYPE             POLYGON
        DUMP             TRUE
        HEADER           ./templates/layer_query_header.html
        TEMPLATE         ./templates/layer_query_body.html
		
		#FILTERITEM year
		#FILTER year=2011
        CLASS
            #NAME "MTBS Fire 2011"
			MINSCALEDENOM 0
			MAXSCALEDENOM 200000
            STYLE
                #COLOR        255 255 255
                OUTLINECOLOR 90 0 0 
				WIDTH 4
            END
        END
		CLASS
            NAME "MTBS Fire 2011"
			MINSCALEDENOM 200000
            STYLE
                #COLOR        255 255 255
                OUTLINECOLOR 90 0 0 
				WIDTH 2
            END
        END
        METADATA
            "wms_title"          "mtbs_2011"
            "wms_abstract"       "mtbs_2011"
            "gml_include_items"  "fire_name,fire_id,fire_date,acres,fire_type"
        END  # end METADATA
    END # end Layer
	
	LAYER #
        NAME mtbs_2010
        PROJECTION
            "init=epsg:4326"
        END
        CONNECTIONTYPE   postgis
        CONNECTION       "%(POSTGIS_CONNECTION_STRING)s"
        DATA             "geom from vw_conus_fire_mtbs_1984_2013 USING UNIQUE gid"
		
        EXTENT           -124.733174 24.543940 -66.950005 49.384359 # US
        STATUS           OFF
        TYPE             POLYGON
        DUMP             TRUE
        HEADER           ./templates/layer_query_header.html
        TEMPLATE         ./templates/layer_query_body.html
		
		FILTERITEM year
		FILTER year=2010
        CLASS
            #NAME "MTBS Fire 2010"
			MINSCALEDENOM 0
			MAXSCALEDENOM 200000
            STYLE
                #COLOR        255 255 255
                OUTLINECOLOR 90 0 0 
				WIDTH 4
            END
        END
		CLASS
            NAME "MTBS Fire 2010"
			MINSCALEDENOM 200000
            STYLE
                #COLOR        255 255 255
                OUTLINECOLOR 90 0 0 
				WIDTH 2
            END
        END
        METADATA
            "wms_title"          "mtbs_2010"
            "wms_abstract"       "mtbs_2010"
            "gml_include_items"  "fire_name,fire_id,fire_date,acres,fire_type"
        END  # end METADATA
    END # end Layer

	LAYER #
        NAME mtbs_2009
        
        PROJECTION
            "init=epsg:4326"
        END

        CONNECTIONTYPE   postgis
        CONNECTION       "%(POSTGIS_CONNECTION_STRING)s"
        DATA             "geom from vw_conus_fire_mtbs_1984_2013 USING UNIQUE gid"

        EXTENT           -124.733174 24.543940 -66.950005 49.384359 # US

        STATUS           OFF
        TYPE             POLYGON
        DUMP             TRUE
        HEADER           ./templates/layer_query_header.html
        TEMPLATE         ./templates/layer_query_body.html

		FILTERITEM year
		FILTER year=2009
        CLASS
            #NAME "MTBS Fire 2009"
			MINSCALEDENOM 0
			MAXSCALEDENOM 200000
            STYLE
                #COLOR        255 255 255
                OUTLINECOLOR 90 0 0 
				WIDTH 4
            END
        END
		CLASS
            NAME "MTBS Fire 2009"
			MINSCALEDENOM 200000
            STYLE
                #COLOR        255 255 255
                OUTLINECOLOR 90 0 0 
				WIDTH 2
            END
        END
        METADATA
            "wms_title"          "mtbs_2009"
            "wms_abstract"       "mtbs_2009"
            "gml_include_items"  "fire_name,fire_id,fire_date,acres,fire_type"
        END  # end METADATA
    END # end Layer
	
    LAYER #
        NAME mtbs_2008
        
        PROJECTION
            "init=epsg:4326"
        END

        CONNECTIONTYPE   postgis
        CONNECTION       "%(POSTGIS_CONNECTION_STRING)s"
        DATA             "geom from vw_conus_fire_mtbs_1984_2013 USING UNIQUE gid"

        EXTENT           -124.733174 24.543940 -66.950005 49.384359 # US

        STATUS           OFF
        TYPE             POLYGON
        DUMP             TRUE
        HEADER           ./templates/layer_query_header.html
        TEMPLATE         ./templates/layer_query_body.html

        FILTERITEM year
		FILTER year=2008
        CLASS
            #NAME "MTBS Fire 2008"
			MINSCALEDENOM 0
			MAXSCALEDENOM 200000
            STYLE
                #COLOR        255 255 255
                OUTLINECOLOR 90 0 0 
				WIDTH 4
            END
        END
		CLASS
            NAME "MTBS Fire 2008"
			MINSCALEDENOM 200000
            STYLE
                #COLOR        255 255 255
                OUTLINECOLOR 90 0 0 
				WIDTH 2
            END
        END
        METADATA
            "wms_title"          "mtbs_2008"
            "wms_abstract"       "mtbs_2008"
            "gml_include_items"  "fire_name,fire_id,fire_date,acres,fire_type"
        END  # end METADATA
    END # end Layer

    LAYER #
        NAME mtbs_2007
        
        PROJECTION
            "init=epsg:4326"
        END

        CONNECTIONTYPE   postgis
        CONNECTION       "%(POSTGIS_CONNECTION_STRING)s"
        DATA             "geom from vw_conus_fire_mtbs_1984_2013 USING UNIQUE gid"
        EXTENT           -124.733174 24.543940 -66.950005 49.384359 # US

        STATUS           OFF
        TYPE             POLYGON
        DUMP             TRUE
        HEADER           ./templates/layer_query_header.html
        TEMPLATE         ./templates/layer_query_body.html

        FILTERITEM year
		FILTER year=2007
        CLASS
            #NAME "MTBS Fire 2007"
			MINSCALEDENOM 0
			MAXSCALEDENOM 200000
            STYLE
                #COLOR        255 255 255
                OUTLINECOLOR 90 0 0 
				WIDTH 4
            END
        END
		CLASS
            NAME "MTBS Fire 2007"
			MINSCALEDENOM 200000
            STYLE
                #COLOR        255 255 255
                OUTLINECOLOR 90 0 0 
				WIDTH 2
            END
        END
        METADATA
            "wms_title"          "mtbs_2007"
            "wms_abstract"       "mtbs_2007"
            "gml_include_items"  "fire_name,fire_id,fire_date,acres,fire_type"
        END  # end METADATA
    END # end Layer

    LAYER #
        NAME mtbs_2006
        
        PROJECTION
            "init=epsg:4326"
        END

        CONNECTIONTYPE   postgis
        CONNECTION       "%(POSTGIS_CONNECTION_STRING)s"
        DATA             "geom from vw_conus_fire_mtbs_1984_2013 USING UNIQUE gid"
        EXTENT           -124.733174 24.543940 -66.950005 49.384359 # US

        STATUS           OFF
        TYPE             POLYGON
        DUMP             TRUE
        HEADER           ./templates/layer_query_header.html
        TEMPLATE         ./templates/layer_query_body.html

        FILTERITEM year
		FILTER year=2006
        CLASS
            #NAME "MTBS Fire 2006"
			MINSCALEDENOM 0
			MAXSCALEDENOM 200000
            STYLE
                #COLOR        255 255 255
                OUTLINECOLOR 90 0 0 
				WIDTH 4
            END
        END
		CLASS
            NAME "MTBS Fire 2006"
			MINSCALEDENOM 200000
            STYLE
                #COLOR        255 255 255
                OUTLINECOLOR 90 0 0 
				WIDTH 2
            END
        END
        METADATA
            "wms_title"          "mtbs_2006"
            "wms_abstract"       "mtbs_2006"
            "gml_include_items"  "fire_name,fire_id,fire_date,acres,fire_type"
        END  # end METADATA
    END # end Layer

    LAYER #
        NAME mtbs_2005
        
        PROJECTION
            "init=epsg:4326"
        END

        CONNECTIONTYPE   postgis
        CONNECTION       "%(POSTGIS_CONNECTION_STRING)s"
        DATA             "geom from vw_conus_fire_mtbs_1984_2013 USING UNIQUE gid"
        EXTENT           -124.733174 24.543940 -66.950005 49.384359 # US

        STATUS           OFF
        TYPE             POLYGON
        DUMP             TRUE
        HEADER           ./templates/layer_query_header.html
        TEMPLATE         ./templates/layer_query_body.html

        FILTERITEM year
		FILTER year=2005
        CLASS
            #NAME "MTBS Fire 2005"
			MINSCALEDENOM 0
			MAXSCALEDENOM 200000
            STYLE
                #COLOR        255 255 255
                OUTLINECOLOR 90 0 0 
				WIDTH 4
            END
        END
		CLASS
            NAME "MTBS Fire 2005"
			MINSCALEDENOM 200000
            STYLE
                #COLOR        255 255 255
                OUTLINECOLOR 90 0 0 
				WIDTH 2
            END
        END
        METADATA
            "wms_title"          "mtbs_2005"
            "wms_abstract"       "mtbs_2005"
            "gml_include_items"  "fire_name,fire_id,fire_date,acres,fire_type"
        END  # end METADATA
    END # end Layer

    LAYER #
        NAME mtbs_2004
        
        PROJECTION
            "init=epsg:4326"
        END

        CONNECTIONTYPE   postgis
        CONNECTION       "%(POSTGIS_CONNECTION_STRING)s"
        DATA             "geom from vw_conus_fire_mtbs_1984_2013 USING UNIQUE gid"
        EXTENT           -124.733174 24.543940 -66.950005 49.384359 # US

        STATUS           OFF
        TYPE             POLYGON
        DUMP             TRUE
        HEADER           ./templates/layer_query_header.html
        TEMPLATE         ./templates/layer_query_body.html

        FILTERITEM year
		FILTER year=2004
        CLASS
            #NAME "MTBS Fire 2004"
			MINSCALEDENOM 0
			MAXSCALEDENOM 200000
            STYLE
                #COLOR        255 255 255
                OUTLINECOLOR 90 0 0 
				WIDTH 4
            END
        END
		CLASS
            NAME "MTBS Fire 2004"
			MINSCALEDENOM 200000
            STYLE
                #COLOR        255 255 255
                OUTLINECOLOR 90 0 0 
				WIDTH 2
            END
        END
        METADATA
            "wms_title"          "mtbs_2004"
            "wms_abstract"       "mtbs_2004"
            "gml_include_items"  "fire_name,fire_id,fire_date,acres,fire_type"
        END  # end METADATA
    END # end Layer

    LAYER #
        NAME mtbs_2003
        
        PROJECTION
            "init=epsg:4326"
        END

        CONNECTIONTYPE   postgis
        CONNECTION       "%(POSTGIS_CONNECTION_STRING)s"
        DATA             "geom from vw_conus_fire_mtbs_1984_2013 USING UNIQUE gid"
        EXTENT           -124.733174 24.543940 -66.950005 49.384359 # US

        STATUS           OFF
        TYPE             POLYGON
        DUMP             TRUE
        HEADER           ./templates/layer_query_header.html
        TEMPLATE         ./templates/layer_query_body.html

        FILTERITEM year
		FILTER year=2003
        CLASS
            #NAME "MTBS Fire 2003"
			MINSCALEDENOM 0
			MAXSCALEDENOM 200000
            STYLE
                #COLOR        255 255 255
                OUTLINECOLOR 90 0 0 
				WIDTH 4
            END
        END
		CLASS
            NAME "MTBS Fire 2003"
			MINSCALEDENOM 200000
            STYLE
                #COLOR        255 255 255
                OUTLINECOLOR 90 0 0 
				WIDTH 2
            END
        END
        METADATA
            "wms_title"          "mtbs_2003"
            "wms_abstract"       "mtbs_2003"
            "gml_include_items"  "fire_name,fire_id,fire_date,acres,fire_type"
        END  # end METADATA
    END # end Layer

    LAYER #
        NAME mtbs_2002
        
        PROJECTION
            "init=epsg:4326"
        END

        CONNECTIONTYPE   postgis
        CONNECTION       "%(POSTGIS_CONNECTION_STRING)s"
        DATA             "geom from vw_conus_fire_mtbs_1984_2013 USING UNIQUE gid"
        EXTENT           -124.733174 24.543940 -66.950005 49.384359 # US

        STATUS           OFF
        TYPE             POLYGON
        DUMP             TRUE
        HEADER           ./templates/layer_query_header.html
        TEMPLATE         ./templates/layer_query_body.html

        FILTERITEM year
		FILTER year=2002
        CLASS
            #NAME "MTBS Fire 2002"
			MINSCALEDENOM 0
			MAXSCALEDENOM 200000
            STYLE
                #COLOR        255 255 255
                OUTLINECOLOR 90 0 0 
				WIDTH 4
            END
        END
		CLASS
            NAME "MTBS Fire 2002"
			MINSCALEDENOM 200000
            STYLE
                #COLOR        255 255 255
                OUTLINECOLOR 90 0 0 
				WIDTH 2
            END
        END
        METADATA
            "wms_title"          "mtbs_2002"
            "wms_abstract"       "mtbs_2002"
            "gml_include_items"  "fire_name,fire_id,fire_date,acres,fire_type"
        END  # end METADATA
    END # end Layer

    LAYER #
        NAME mtbs_2001
        
        PROJECTION
            "init=epsg:4326"
        END

        CONNECTIONTYPE   postgis
        CONNECTION       "%(POSTGIS_CONNECTION_STRING)s"
        DATA             "geom from vw_conus_fire_mtbs_1984_2013 USING UNIQUE gid"
        EXTENT           -124.733174 24.543940 -66.950005 49.384359 # US

        STATUS           OFF
        TYPE             POLYGON
        DUMP             TRUE
        HEADER           ./templates/layer_query_header.html
        TEMPLATE         ./templates/layer_query_body.html

        FILTERITEM year
		FILTER year=2001
        CLASS
            #NAME "MTBS Fire 2001"
			MINSCALEDENOM 0
			MAXSCALEDENOM 200000
            STYLE
                #COLOR        255 255 255
                OUTLINECOLOR 90 0 0 
				WIDTH 4
            END
        END
		CLASS
            NAME "MTBS Fire 2001"
			MINSCALEDENOM 200000
            STYLE
                #COLOR        255 255 255
                OUTLINECOLOR 90 0 0 
				WIDTH 2
            END
        END
        METADATA
            "wms_title"          "mtbs_2001"
            "wms_abstract"       "mtbs_2001"
            "gml_include_items"  "fire_name,fire_id,fire_date,acres,fire_type"
        END  # end METADATA
    END # end Layer

    LAYER #
        NAME mtbs_2000
        
        PROJECTION
            "init=epsg:4326"
        END

        CONNECTIONTYPE   postgis
        CONNECTION       "%(POSTGIS_CONNECTION_STRING)s"
        DATA             "geom from vw_conus_fire_mtbs_1984_2013 USING UNIQUE gid"
        EXTENT           -124.733174 24.543940 -66.950005 49.384359 # US

        STATUS           OFF
        TYPE             POLYGON
        DUMP             TRUE
        HEADER           ./templates/layer_query_header.html
        TEMPLATE         ./templates/layer_query_body.html

        FILTERITEM year
		FILTER year=2000
        CLASS
            #NAME "MTBS Fire 2000"
			MINSCALEDENOM 0
			MAXSCALEDENOM 200000
            STYLE
                #COLOR        255 255 255
                OUTLINECOLOR 90 0 0 
				WIDTH 4
            END
        END
		CLASS
            NAME "MTBS Fire 2000"
			MINSCALEDENOM 200000
            STYLE
                #COLOR        255 255 255
                OUTLINECOLOR 90 0 0 
				WIDTH 2
            END
        END
        METADATA
            "wms_title"          "mtbs_2000"
            "wms_abstract"       "mtbs_2000"
            "gml_include_items"  "fire_name,fire_id,fire_date,acres,fire_type"
        END  # end METADATA
    END # end Layer

	LAYER #
        NAME mtbs_1984_1999
        PROJECTION
            "init=epsg:4326"
        END
        CONNECTIONTYPE   postgis
        CONNECTION       "%(POSTGIS_CONNECTION_STRING)s"
        DATA             "geom from vw_conus_fire_mtbs_1984_2013"
		FILTER           "year <= 1999"
        EXTENT           -124.733174 24.543940 -66.950005 49.384359 # US
        STATUS           OFF
        TYPE             POLYGON
        DUMP             TRUE
        HEADER           ./templates/layer_query_header.html
        TEMPLATE         ./templates/layer_query_body.html
		CLASS
            #NAME "MTBS Fire 1984-1999"
			MINSCALEDENOM 0
			MAXSCALEDENOM 200000
            STYLE
                #COLOR        255 255 255
                OUTLINECOLOR 90 0 0 
				WIDTH 4
            END
        END
		CLASS
            NAME "MTBS Fire 1984-1999"
			MINSCALEDENOM 200000
            STYLE
                #COLOR        255 255 255
                OUTLINECOLOR 90 0 0 
				WIDTH 2
            END
        END
        METADATA
            "wms_title"          "mtbs_1984_1999"
            "wms_abstract"       "mtbs_1984_1999"
            "gml_include_items"  "year,fire_name,fire_id,acres,startmonth,startday,firetype"
        END  # end METADATA
    END # end Layer		
	
	LAYER #
        NAME mtbs_2000_2013
        PROJECTION
            "init=epsg:4326"
        END
        CONNECTIONTYPE   postgis
        CONNECTION       "%(POSTGIS_CONNECTION_STRING)s"
        DATA             "geom from vw_conus_fire_mtbs_1984_2013"
		FILTER           "year >= 2000"
        EXTENT           -124.733174 24.543940 -66.950005 49.384359 # US
        STATUS           OFF
        TYPE             POLYGON
        DUMP             TRUE
        HEADER           ./templates/layer_query_header.html
        TEMPLATE         ./templates/layer_query_body.html
        CLASS
            #NAME "MTBS/GEOMAC Fire 2000-2014"
			MINSCALEDENOM 0
			MAXSCALEDENOM 200000
            STYLE
                #COLOR        255 255 255
                OUTLINECOLOR 90 0 0 
				WIDTH 4
            END
        END
		CLASS
            NAME "MTBS/GEOMAC Fire 2000-2014"
			MINSCALEDENOM 200000
            STYLE
                #COLOR        255 255 255
                OUTLINECOLOR 90 0 0 
				WIDTH 2
            END
        END
        METADATA
            "wms_title"          "mtbs_2000_2013"
            "wms_abstract"       "mtbs_2000_2013"
            "gml_include_items"  "year,fire_name,fire_id,acres,startmonth,startday,firetype"
        END  # end METADATA
    END # end Layer

    LAYER #
        NAME geomac_2018
        PROJECTION
            "init=epsg:4326"
        END
        CONNECTIONTYPE   postgis
        CONNECTION       "%(POSTGIS_CONNECTION_STRING)s"
        DATA             "geom from vw_conus_fireperims_geomac_2018 USING UNIQUE gid"        
        EXTENT           -124.733174 24.543940 -66.950005 49.384359 # US
        STATUS           OFF
        TYPE             POLYGON
        DUMP             TRUE
        HEADER           ./templates/layer_query_header.html
        TEMPLATE         ./templates/layer_query_body.html
        CLASS
            MINSCALEDENOM 0
            MAXSCALEDENOM 200000
            STYLE
                #COLOR        255 255 255
                OUTLINECOLOR 90 0 0 
                WIDTH 4
            END
        END
        CLASS
            NAME "GEOMAC Fire 2018"
            MINSCALEDENOM 200000
            STYLE
                #COLOR        255 255 255
                OUTLINECOLOR 90 0 0 
                WIDTH 2
            END
        END
        METADATA
            "wms_title"          "geomac_2018"
            "wms_abstract"       "geomac_2018"
            "gml_include_items"  "agency,end_date,acres,incidentna"
        END  # end METADATA
    END # end Layer


    LAYER #
        NAME geomac_2017
        PROJECTION
            "init=epsg:4326"
        END
        CONNECTIONTYPE   postgis
        CONNECTION       "%(POSTGIS_CONNECTION_STRING)s"
        DATA             "geom from vw_conus_fireperims_geomac_2017 USING UNIQUE gid"        
        EXTENT           -124.733174 24.543940 -66.950005 49.384359 # US
        STATUS           OFF
        TYPE             POLYGON
        DUMP             TRUE
        HEADER           ./templates/layer_query_header.html
        TEMPLATE         ./templates/layer_query_body.html
        CLASS
            #NAME "GEOMAC Fire 2016"
            MINSCALEDENOM 0
            MAXSCALEDENOM 200000
            STYLE
                #COLOR        255 255 255
                OUTLINECOLOR 90 0 0 
                WIDTH 4
            END
        END
        CLASS
            NAME "GEOMAC Fire 2017"
            MINSCALEDENOM 200000
            STYLE
                #COLOR        255 255 255
                OUTLINECOLOR 90 0 0 
                WIDTH 2
            END
        END
        METADATA
            "wms_title"          "geomac_2017"
            "wms_abstract"       "geomac_2017"
            "gml_include_items"  "agency,end_date,acres,fire_type,incidentna"
        END  # end METADATA
    END # end Layer

	LAYER #
        NAME geomac_2016
        PROJECTION
            "init=epsg:4326"
        END
        CONNECTIONTYPE   postgis
        CONNECTION       "%(POSTGIS_CONNECTION_STRING)s"
        DATA             "geom from vw_conus_fireperims_geomac_2016 USING UNIQUE id"		
        EXTENT           -124.733174 24.543940 -66.950005 49.384359 # US
        STATUS           OFF
        TYPE             POLYGON
        DUMP             TRUE
        HEADER           ./templates/layer_query_header.html
        TEMPLATE         ./templates/layer_query_body.html
        CLASS
            #NAME "GEOMAC Fire 2016"
			MINSCALEDENOM 0
			MAXSCALEDENOM 200000
            STYLE
                #COLOR        255 255 255
                OUTLINECOLOR 90 0 0 
				WIDTH 4
            END
        END
		CLASS
            NAME "GEOMAC Fire 2016"
			MINSCALEDENOM 200000
            STYLE
                #COLOR        255 255 255
                OUTLINECOLOR 90 0 0 
				WIDTH 2
            END
        END
        METADATA
            "wms_title"          "geomac_2016"
            "wms_abstract"       "geomac_2016"
            "gml_include_items"  "fire_name,fire_id,initial_date,end_date,acres,fire_type"
        END  # end METADATA
    END # end Layer
	LAYER #
        NAME geomac_2015
        PROJECTION
            "init=epsg:4326"
        END
        CONNECTIONTYPE   postgis
        CONNECTION       "%(POSTGIS_CONNECTION_STRING)s"
        DATA             "geom from vw_conus_fireperims_geomac_2015 USING UNIQUE gid"		
        EXTENT           -124.733174 24.543940 -66.950005 49.384359 # US
        STATUS           OFF
        TYPE             POLYGON
        DUMP             TRUE
        HEADER           ./templates/layer_query_header.html
        TEMPLATE         ./templates/layer_query_body.html
        CLASS
            #NAME "GEOMAC Fire 2015"
			MINSCALEDENOM 0
			MAXSCALEDENOM 200000
            STYLE
                #COLOR        255 255 255
                OUTLINECOLOR 90 0 0 
				WIDTH 4
            END
        END
		CLASS
            NAME "GEOMAC Fire 2015"
			MINSCALEDENOM 200000
            STYLE
                #COLOR        255 255 255
                OUTLINECOLOR 90 0 0 
				WIDTH 2
            END
        END
        METADATA
            "wms_title"          "geomac_2015"
            "wms_abstract"       "geomac_2015"
            "gml_include_items"  "fire_name,fire_id,fire_date,acres,fire_type"
        END  # end METADATA
    END # end Layer
	
	LAYER #
        NAME geomac_2014
        PROJECTION
            "init=epsg:4326"
        END
        CONNECTIONTYPE   postgis
        CONNECTION       "%(POSTGIS_CONNECTION_STRING)s"
        DATA             "geom from conus_fireperims_geomac_2014"		
        EXTENT           -124.733174 24.543940 -66.950005 49.384359 # US
        STATUS           OFF
        TYPE             POLYGON
        DUMP             TRUE
        HEADER           ./templates/layer_query_header.html
        TEMPLATE         ./templates/layer_query_body.html
        CLASS
            #NAME "GEOMAC Fire 2014"
			MINSCALEDENOM 0
			MAXSCALEDENOM 200000
            STYLE
                #COLOR        255 255 255
                OUTLINECOLOR 90 0 0 
				WIDTH 4
            END
        END
		CLASS
            NAME "GEOMAC Fire 2014"
			MINSCALEDENOM 200000
            STYLE
                #COLOR        255 255 255
                OUTLINECOLOR 90 0 0 
				WIDTH 2
            END
        END
        METADATA
            "wms_title"          "geomac_2014"
            "wms_abstract"       "geomac_2014"
            "gml_include_items"  "year,fire_name,fire_num,acres,date_"
        END  # end METADATA
    END # end Layer
	
	LAYER #
        NAME mtbs_2000_2013_geomac_2014
        PROJECTION
            "init=epsg:4326"
        END
        CONNECTIONTYPE   postgis
        CONNECTION       "%(POSTGIS_CONNECTION_STRING)s"
        DATA             "geom from conus_mtbs_2000_2013_geomac_2014"
        EXTENT           -124.733174 24.543940 -66.950005 49.384359 # US
        STATUS           OFF
        TYPE             POLYGON
        DUMP             TRUE
        HEADER           ./templates/layer_query_header.html
        TEMPLATE         ./templates/layer_query_body.html
        CLASS
            #NAME "MTBS/GEOMAC Fire 2000-2014"
			MINSCALEDENOM 0
			MAXSCALEDENOM 200000
            STYLE
                #COLOR        255 255 255
                OUTLINECOLOR 90 0 0 
				WIDTH 4
            END
        END
		CLASS
            NAME "MTBS/GEOMAC Fire 2000-2014"
			MINSCALEDENOM 200000
            STYLE
                #COLOR        255 255 255
                OUTLINECOLOR 90 0 0 
				WIDTH 2
            END
        END
        METADATA
            "wms_title"          "mtbs_2000_2013_geomac_2014"
            "wms_abstract"       "mtbs_2000_2013_geomac_2014"
            "gml_include_items"  "year,year_,fire_name,fire_id,fire_nam_1,fire_num,acres,acres_1,date_,startmonth,startday,firetype,inc_num,inciweb_id"
        END  # end METADATA
    END # end Layer
	
	LAYER #
        NAME modis-fire-2001
        PROJECTION
            "init=epsg:4326"
        END
        CONNECTIONTYPE   postgis
        CONNECTION       "%(POSTGIS_CONNECTION_STRING)s"
        DATA             "geom from modis_fire_2001"
        EXTENT           -124.733174 24.543940 -66.950005 49.384359 # US
        STATUS           OFF
        TYPE             POINT
        DUMP             TRUE
        HEADER           ./templates/layer_query_header.html
        TEMPLATE         ./templates/layer_query_body.html
        CLASS
            NAME "MODIS Fire 2001"
            STYLE
                SYMBOL 'circle'
                SIZE 5
                COLOR 255 255 0 
            END
        END
        METADATA
            "wms_title"          "modis-fire-2001"
            "wms_abstract"       "modis-fire-2001"
            "gml_include_items"  "all"
        END  # end METADATA
    END # end Layer
	LAYER #
	LAYER #
        NAME modis-fire-2002
        PROJECTION
            "init=epsg:4326"
        END
        CONNECTIONTYPE   postgis
        CONNECTION       "%(POSTGIS_CONNECTION_STRING)s"
        DATA             "geom from modis_fire_2002"
        EXTENT           -124.733174 24.543940 -66.950005 49.384359 # US
        STATUS           OFF
        TYPE             POINT
        DUMP             TRUE
        HEADER           ./templates/layer_query_header.html
        TEMPLATE         ./templates/layer_query_body.html
        CLASS
            NAME "MODIS Fire 2002"
            STYLE
                SYMBOL 'circle'
                SIZE 5
                COLOR 255 255 0 
            END
        END
        METADATA
            "wms_title"          "modis-fire-2002"
            "wms_abstract"       "modis-fire-2002"
            "gml_include_items"  "all"
        END  # end METADATA
    END # end Layer
	LAYER #
	LAYER #
        NAME modis-fire-2003
        PROJECTION
            "init=epsg:4326"
        END
        CONNECTIONTYPE   postgis
        CONNECTION       "%(POSTGIS_CONNECTION_STRING)s"
        DATA             "geom from modis_fire_2003"
        EXTENT           -124.733174 24.543940 -66.950005 49.384359 # US
        STATUS           OFF
        TYPE             POINT
        DUMP             TRUE
        HEADER           ./templates/layer_query_header.html
        TEMPLATE         ./templates/layer_query_body.html
        CLASS
            NAME "MODIS Fire 2003"
            STYLE
                SYMBOL 'circle'
                SIZE 5
                COLOR 255 255 0 
            END
        END
        METADATA
            "wms_title"          "modis-fire-2003"
            "wms_abstract"       "modis-fire-2003"
            "gml_include_items"  "all"
        END  # end METADATA
    END # end Layer
	LAYER #
	LAYER #
        NAME modis-fire-2004
        PROJECTION
            "init=epsg:4326"
        END
        CONNECTIONTYPE   postgis
        CONNECTION       "%(POSTGIS_CONNECTION_STRING)s"
        DATA             "geom from modis_fire_2004"
        EXTENT           -124.733174 24.543940 -66.950005 49.384359 # US
        STATUS           OFF
        TYPE             POINT
        DUMP             TRUE
        HEADER           ./templates/layer_query_header.html
        TEMPLATE         ./templates/layer_query_body.html
        CLASS
            NAME "MODIS Fire 2004"
            STYLE
                SYMBOL 'circle'
                SIZE 5
                COLOR 255 255 0 
            END
        END
        METADATA
            "wms_title"          "modis-fire-2004"
            "wms_abstract"       "modis-fire-2004"
            "gml_include_items"  "all"
        END  # end METADATA
    END # end Layer
	LAYER #
	LAYER #
        NAME modis-fire-2005
        PROJECTION
            "init=epsg:4326"
        END
        CONNECTIONTYPE   postgis
        CONNECTION       "%(POSTGIS_CONNECTION_STRING)s"
        DATA             "geom from modis_fire_2005"
        EXTENT           -124.733174 24.543940 -66.950005 49.384359 # US
        STATUS           OFF
        TYPE             POINT
        DUMP             TRUE
        HEADER           ./templates/layer_query_header.html
        TEMPLATE         ./templates/layer_query_body.html
        CLASS
            NAME "MODIS Fire 2005"
            STYLE
                SYMBOL 'circle'
                SIZE 5
                COLOR 255 255 0 
            END
        END
        METADATA
            "wms_title"          "modis-fire-2005"
            "wms_abstract"       "modis-fire-2005"
            "gml_include_items"  "all"
        END  # end METADATA
    END # end Layer
	LAYER #
	LAYER #
        NAME modis-fire-2006
        PROJECTION
            "init=epsg:4326"
        END
        CONNECTIONTYPE   postgis
        CONNECTION       "%(POSTGIS_CONNECTION_STRING)s"
        DATA             "geom from modis_fire_2006"
        EXTENT           -124.733174 24.543940 -66.950005 49.384359 # US
        STATUS           OFF
        TYPE             POINT
        DUMP             TRUE
        HEADER           ./templates/layer_query_header.html
        TEMPLATE         ./templates/layer_query_body.html
        CLASS
            NAME "MODIS Fire 2006"
            STYLE
                SYMBOL 'circle'
                SIZE 5
                COLOR 255 255 0 
            END
        END
        METADATA
            "wms_title"          "modis-fire-2006"
            "wms_abstract"       "modis-fire-2006"
            "gml_include_items"  "all"
        END  # end METADATA
    END # end Layer
	LAYER #
	LAYER #
        NAME modis-fire-2007
        PROJECTION
            "init=epsg:4326"
        END
        CONNECTIONTYPE   postgis
        CONNECTION       "%(POSTGIS_CONNECTION_STRING)s"
        DATA             "geom from modis_fire_2007"
        EXTENT           -124.733174 24.543940 -66.950005 49.384359 # US
        STATUS           OFF
        TYPE             POINT
        DUMP             TRUE
        HEADER           ./templates/layer_query_header.html
        TEMPLATE         ./templates/layer_query_body.html
        CLASS
            NAME "MODIS Fire 2007"
            STYLE
                SYMBOL 'circle'
                SIZE 5
                COLOR 255 255 0 
            END
        END
        METADATA
            "wms_title"          "modis-fire-2007"
            "wms_abstract"       "modis-fire-2007"
            "gml_include_items"  "all"
        END  # end METADATA
    END # end Layer
	LAYER #
	LAYER #
        NAME modis-fire-2008
        PROJECTION
            "init=epsg:4326"
        END
        CONNECTIONTYPE   postgis
        CONNECTION       "%(POSTGIS_CONNECTION_STRING)s"
        DATA             "geom from modis_fire_2008"
        EXTENT           -124.733174 24.543940 -66.950005 49.384359 # US
        STATUS           OFF
        TYPE             POINT
        DUMP             TRUE
        HEADER           ./templates/layer_query_header.html
        TEMPLATE         ./templates/layer_query_body.html
        CLASS
            NAME "MODIS Fire 2008"
            STYLE
                SYMBOL 'circle'
                SIZE 5
                COLOR 255 255 0 
            END
        END
        METADATA
            "wms_title"          "modis-fire-2008"
            "wms_abstract"       "modis-fire-2008"
            "gml_include_items"  "all"
        END  # end METADATA
    END # end Layer
	LAYER #
	LAYER #
        NAME modis-fire-2009
        PROJECTION
            "init=epsg:4326"
        END
        CONNECTIONTYPE   postgis
        CONNECTION       "%(POSTGIS_CONNECTION_STRING)s"
        DATA             "geom from modis_fire_2009"
        EXTENT           -124.733174 24.543940 -66.950005 49.384359 # US
        STATUS           OFF
        TYPE             POINT
        DUMP             TRUE
        HEADER           ./templates/layer_query_header.html
        TEMPLATE         ./templates/layer_query_body.html
        CLASS
            NAME "MODIS Fire 2010"
            STYLE
                SYMBOL 'circle'
                SIZE 5
                COLOR 255 255 0 
            END
        END
        METADATA
            "wms_title"          "modis-fire-2009"
            "wms_abstract"       "modis-fire-2009"
            "gml_include_items"  "all"
        END  # end METADATA
    END # end Layer
	LAYER #
	LAYER #
        NAME modis-fire-2010
        PROJECTION
            "init=epsg:4326"
        END
        CONNECTIONTYPE   postgis
        CONNECTION       "%(POSTGIS_CONNECTION_STRING)s"
        DATA             "geom from modis_fire_2010"
        EXTENT           -124.733174 24.543940 -66.950005 49.384359 # US
        STATUS           OFF
        TYPE             POINT
        DUMP             TRUE
        HEADER           ./templates/layer_query_header.html
        TEMPLATE         ./templates/layer_query_body.html
        CLASS
            NAME "MODIS Fire 2010"
            STYLE
                SYMBOL 'circle'
                SIZE 5
                COLOR 255 255 0 
            END
        END
        METADATA
            "wms_title"          "modis-fire-2010"
            "wms_abstract"       "modis-fire-2010"
            "gml_include_items"  "all"
        END  # end METADATA
    END # end Layer
	LAYER #
        NAME modis-fire-2011
        
        PROJECTION
            "init=epsg:4326"
        END

        CONNECTIONTYPE   postgis
        CONNECTION       "%(POSTGIS_CONNECTION_STRING)s"
        DATA             "geom from modis_fire_2011"
        EXTENT           -124.733174 24.543940 -66.950005 49.384359 # US

        STATUS           OFF
        TYPE             POINT
        DUMP             TRUE
        HEADER           ./templates/layer_query_header.html
        TEMPLATE         ./templates/layer_query_body.html

        CLASS
            NAME "MODIS Fire 2011"
            STYLE
                SYMBOL 'circle'
                SIZE 5
                COLOR 255 255 0 
            END
        END
        METADATA
            "wms_title"          "modis-fire-2011"
            "wms_abstract"       "modis-fire-2011"
            "gml_include_items"  "all"
        END  # end METADATA
    END # end Layer
	LAYER #
        NAME modis-fire-2012
        PROJECTION
            "init=epsg:4326"
        END
        CONNECTIONTYPE   postgis
        CONNECTION       "%(POSTGIS_CONNECTION_STRING)s"
        DATA             "geom from modis_fire_2012"
        EXTENT           -124.733174 24.543940 -66.950005 49.384359 # US

        STATUS           OFF
        TYPE             POINT
        DUMP             TRUE
        HEADER           ./templates/layer_query_header.html
        TEMPLATE         ./templates/layer_query_body.html
        CLASS
            NAME "MODIS Fire 2012"
            STYLE
                SYMBOL 'circle'
                SIZE 5
                COLOR 255 255 0 
            END
        END
        METADATA
            "wms_title"          "modis-fire-2012"
            "wms_abstract"       "modis-fire-2012"
            "gml_include_items"  "all"
        END  # end METADATA
    END # end Layer
	LAYER #
        NAME modis-fire-2013
        PROJECTION
            "init=epsg:4326"
        END
        CONNECTIONTYPE   postgis
        CONNECTION       "%(POSTGIS_CONNECTION_STRING)s"
        DATA             "geom from modis_fire_2013"
        EXTENT           -124.733174 24.543940 -66.950005 49.384359 # US

        STATUS           OFF
        TYPE             POINT
        DUMP             TRUE
        HEADER           ./templates/layer_query_header.html
        TEMPLATE         ./templates/layer_query_body.html
        CLASS
            NAME "MODIS Fire 2013"
            STYLE
                SYMBOL 'circle'
                SIZE 5
                COLOR 255 255 0 
            END
        END
        METADATA
            "wms_title"          "modis-fire-2013"
            "wms_abstract"       "modis-fire-2013"
            "gml_include_items"  "all"
        END  # end METADATA
    END # end Layer	
	LAYER #
        NAME modis-fire-2014
        PROJECTION
            "init=epsg:4326"
        END
        CONNECTIONTYPE   postgis
        CONNECTION       "%(POSTGIS_CONNECTION_STRING)s"
        DATA             "geom from modis_fire_2014"
        EXTENT           -124.733174 24.543940 -66.950005 49.384359 # US

        STATUS           OFF
        TYPE             POINT
        DUMP             TRUE
        HEADER           ./templates/layer_query_header.html
        TEMPLATE         ./templates/layer_query_body.html
        CLASS
            NAME "MODIS Fire 2014"
            STYLE
                SYMBOL 'circle'
                SIZE 5
                COLOR 255 255 0 
            END
        END
        METADATA
            "wms_title"          "modis-fire-2014"
            "wms_abstract"       "modis-fire-2014"
            "gml_include_items"  "all"
        END  # end METADATA
    END # end Layer
	LAYER #
        NAME modis-fire-2015
        PROJECTION
            "init=epsg:4326"
        END
        CONNECTIONTYPE   postgis
        CONNECTION       "%(POSTGIS_CONNECTION_STRING)s"
        DATA             "geom from modis_fire_2015"
        EXTENT           -124.733174 24.543940 -66.950005 49.384359 # US

        STATUS           OFF
        TYPE             POINT
        DUMP             TRUE
        HEADER           ./templates/layer_query_header.html
        TEMPLATE         ./templates/layer_query_body.html
        CLASS
            NAME "MODIS Fire 2015"
            STYLE
                SYMBOL 'circle'
                SIZE 5
                COLOR 255 255 0 
            END
        END
        METADATA
            "wms_title"          "modis-fire-2015"
            "wms_abstract"       "modis-fire-2015"
            "gml_include_items"  "all"
        END  # end METADATA
    END # end Layer
	LAYER #
        NAME modis-fire-2016
        PROJECTION
            "init=epsg:4326"
        END
        CONNECTIONTYPE   postgis
        CONNECTION       "%(POSTGIS_CONNECTION_STRING)s"
        DATA             "geom from modis_fire_2016"
        EXTENT           -124.733174 24.543940 -66.950005 49.384359 # US

        STATUS           OFF
        TYPE             POINT
        DUMP             TRUE
        HEADER           ./templates/layer_query_header.html
        TEMPLATE         ./templates/layer_query_body.html
        CLASS
            NAME "MODIS Fire 2016"
            STYLE
                SYMBOL 'circle'
                SIZE 5
                COLOR 255 255 0 
            END
        END
        METADATA
            "wms_title"          "modis-fire-2016"
            "wms_abstract"       "modis-fire-2016"
            "gml_include_items"  "all"
        END  # end METADATA
    END # end Layer
    LAYER #
        NAME modis-fire-2017
        PROJECTION
            "init=epsg:4326"
        END
        CONNECTIONTYPE   postgis
        CONNECTION       "%(POSTGIS_CONNECTION_STRING)s"
        DATA             "geom from modis_fire_2017"
        EXTENT           -124.733174 24.543940 -66.950005 49.384359 # US

        STATUS           OFF
        TYPE             POINT
        DUMP             TRUE
        HEADER           ./templates/layer_query_header.html
        TEMPLATE         ./templates/layer_query_body.html
        CLASS
            NAME "MODIS Fire 2017"
            STYLE
                SYMBOL 'circle'
                SIZE 5
                COLOR 255 255 0 
            END
        END
        METADATA
            "wms_title"          "modis-fire-2017"
            "wms_abstract"       "modis-fire-2017"
            "gml_include_items"  "all"
        END  # end METADATA
    END # end Layer

    LAYER #
        NAME modis-fire-2018
        PROJECTION
            "init=epsg:4326"
        END
        CONNECTIONTYPE   postgis
        CONNECTION       "%(POSTGIS_CONNECTION_STRING)s"
        DATA             "geom from modis_fire_2018"
        EXTENT           -124.733174 24.543940 -66.950005 49.384359 # US

        STATUS           OFF
        TYPE             POINT
        DUMP             TRUE
        HEADER           ./templates/layer_query_header.html
        TEMPLATE         ./templates/layer_query_body.html
        CLASS
            NAME "MODIS Fire 2018"
            STYLE
                SYMBOL 'circle'
                SIZE 5
                COLOR 255 255 0 
            END
        END
        METADATA
            "wms_title"          "modis-fire-2018"
            "wms_abstract"       "modis-fire-2018"
            "gml_include_items"  "all"
        END  # end METADATA
    END # end Layer
 

    	LAYER #
        NAME modis-fire-current-year
        PROJECTION
            "init=epsg:4326"
        END
        DATA             "%(DATA_DIR)s/fsdata-internal/efetac_nasa/AncillaryData/active_fire/hotspots/hotspot_update_4326.shp"
        EXTENT           -124.733174 24.543940 -66.950005 49.384359 # US
        STATUS           OFF
        TYPE             POINT
        DUMP             TRUE
        HEADER           ./templates/layer_query_header.html
        TEMPLATE         ./templates/layer_query_body.html
        CLASS
            NAME "MODIS Fire Current Year"
            STYLE
                SYMBOL 'circle'
                SIZE 5
                COLOR 255 255 0 
            END
        END
        METADATA
            "wms_title"          "modis-fire-current-year"
            "wms_abstract"       "modis-fire-current-year"
            "gml_include_items"  "all"
        END  # end METADATA
    END # end Layer
	
	LAYER #
        NAME Active-Perimeters-GeoMAC
        PROJECTION
            "init=epsg:4326"
        END
        DATA             "%(DATA_DIR)s/fsdata-internal/efetac_nasa/AncillaryData/active_fire/active_perimeters/perimeters_update_4326.shp"
        EXTENT           -124.733174 24.543940 -66.950005 49.384359 # US
        STATUS           OFF
        TYPE             POLYGON
        DUMP             TRUE
        HEADER           ./templates/layer_query_header.html
        TEMPLATE         ./templates/layer_query_body.html
	    CLASS
            #NAME "Active Perimeters GeoMAC"
			MINSCALEDENOM 0
			MAXSCALEDENOM 200000
            STYLE
                #COLOR        255 255 255
                OUTLINECOLOR 90 0 0 
				WIDTH 4
            END
        END
		CLASS
            NAME "Active Perimeters GeoMAC"
			MINSCALEDENOM 200000
            STYLE
                #COLOR        255 255 255
                OUTLINECOLOR 90 0 0 
				WIDTH 2
            END
        END
        METADATA
            "wms_title"          "Active-Perimeters-GeoMAC"
            "wms_abstract"       "Active-Perimeters-GeoMAC"
            "gml_include_items"  "all"
        END  # end METADATA
    END # end Layer
	
	LAYER #
        NAME Current-Large-incidents
        PROJECTION
            "init=epsg:4326"
        END
        DATA             "%(DATA_DIR)s/fsdata-internal/efetac_nasa/AncillaryData/active_fire/large_incidents/incidents_update_4326.shp"
        EXTENT           -124.733174 24.543940 -66.950005 49.384359 # US
        STATUS           OFF
        TYPE             POINT
        DUMP             TRUE
        HEADER           ./templates/layer_query_header.html
        TEMPLATE         ./templates/layer_query_body.html
        LABELITEM    "INCIDENTNA"
		CLASS
          NAME "Current Large Incidents"
          STYLE
                SYMBOL 'triangle'
                SIZE 12
                COLOR 50 255 50
				OUTLINECOLOR 110 110 110
          END
		  LABEL
			  COLOR  25 25 25
			  OUTLINECOLOR 255 255 255
			  FONT "arial"
			  TYPE truetype
			  SIZE 9
			  POSITION AUTO
			  PARTIALS FALSE
		  END
        END
        METADATA
            "wms_title"          "Current-Large-incidents"
            "wms_abstract"       "Current-Large-incidents"
            "gml_include_items"  "all"
        END  # end METADATA
    END # end Layer

END
