MAP
    # the following two lines tell MapServer to write debugging output to a log file.  Remove the '#' from the beginning
    # of the two lines below to enable this logging:
    #CONFIG "MS_ERRORFILE" "../var/log/vlayers.log"
    #DEBUG 5

    # all temp files get prefixed with this string
    NAME ms_treatments

    #jdm:added to accomodate map layers
    #see http://trac.osgeo.org/mapserver/ticket/3055
    MAXSIZE 3072 
    
    # background color of image if transparency
    # is not requested
    IMAGECOLOR 255 255 255

    # default output image dimensions
    SIZE 600 400

    # always returns a map
    STATUS ON

    # set top level projection
    PROJECTION
        "init=epsg:3785"
    END

    # image format options
    OUTPUTFORMAT
        NAME "PNG"
        DRIVER "GDAL/PNG"
        MIMETYPE "image/png"
        IMAGEMODE "RGB"
        EXTENSION "png"
    END

    # minx miny maxx maxy
    EXTENT    -124.733174 24.543940 -66.950005 49.384359 # US

    # add def pointers for symbols
    SYMBOLSET "./symbols/symbols35.sym"
    FONTSET   "./fonts/fonts.list"

    # Start of web interface definition
    WEB

        # this is the real filepath to the temp dir for intermediate file creation
        IMAGEPATH "./tmp"

        # this is the web-accessible path to IMAGEPATH
        IMAGEURL "/tmp/"

        HEADER "./templates/query_header.html"
        FOOTER "./templates/query_footer.html"

        METADATA
            "ows_enable_request"     "*"
            "wms_title"              "NEMAC treatments WMS"
            "wms_abstract"           "NEMAC treatments WMS"
            "wms_onlineresource"     "%(SERVICE_URL)s"
            "wms_srs"                "EPSG:3785 EPSG:4326 EPSG:900913"
        END
    END

    QUERYMAP
        STATUS OFF
    END

    # set defaults for GetLegendGraphic requests 
    LEGEND
        KEYSIZE 30 20
    END
	
	LAYER #
        NAME fs_treatment_2000
        PROJECTION
            "init=epsg:4326"
        END
        CONNECTIONTYPE   postgis
        CONNECTION       "%(POSTGIS_CONNECTION_STRING)s"
        DATA             "geom from fs_treatment_2000"
				
        EXTENT           -124.733174 24.543940 -66.950005 49.384359 # US
        STATUS           OFF
        TYPE             POLYGON
        DUMP             TRUE
        HEADER           ./templates/layer_query_header.html
        TEMPLATE         ./templates/layer_query_body.html
        #FILTERITEM year
		#FILTER year=2013
		CLASS
            NAME "FS Fuel Treatments 2000"
            STYLE
                COLOR        255 255 255
                OUTLINECOLOR 32 32 32
            END
            STYLE
                SYMBOL "hatchsymbol"
                COLOR 128 64 64
                SIZE 2
                ANGLE 45
            END # STYLE
        END
        METADATA
            "wms_title"          "fs_treatment_2000"
            "wms_abstract"       "fs_treatment_2000"
            "gml_include_items"  "treatment_,method,rev_date,gis_acres,year_out,dateplanne,dateaccomp,datecomple"
        END  # end METADATA
    END # end Layer
	LAYER #
        NAME fs_treatment_2001
        PROJECTION
            "init=epsg:4326"
        END
        CONNECTIONTYPE   postgis
        CONNECTION       "%(POSTGIS_CONNECTION_STRING)s"
        DATA             "geom from fs_treatment_2001"
				
        EXTENT           -124.733174 24.543940 -66.950005 49.384359 # US
        STATUS           OFF
        TYPE             POLYGON
        DUMP             TRUE
        HEADER           ./templates/layer_query_header.html
        TEMPLATE         ./templates/layer_query_body.html
        #FILTERITEM year
		#FILTER year=2013
		CLASS
            NAME "FS Fuel Treatments 2001"
            STYLE
                COLOR        255 255 255
                OUTLINECOLOR 32 32 32
            END
            STYLE
                SYMBOL "hatchsymbol"
                COLOR 128 64 64
                SIZE 2
                ANGLE 45
            END # STYLE
        END
        METADATA
            "wms_title"          "fs_treatment_2001"
            "wms_abstract"       "fs_treatment_2001"
            "gml_include_items"  "treatment_,method,rev_date,gis_acres,year_out,dateplanne,dateaccomp,datecomple"
        END  # end METADATA
    END # end Layer
	LAYER #
        NAME fs_treatment_2002
        PROJECTION
            "init=epsg:4326"
        END
        CONNECTIONTYPE   postgis
        CONNECTION       "%(POSTGIS_CONNECTION_STRING)s"
        DATA             "geom from fs_treatment_2002"
				
        EXTENT           -124.733174 24.543940 -66.950005 49.384359 # US
        STATUS           OFF
        TYPE             POLYGON
        DUMP             TRUE
        HEADER           ./templates/layer_query_header.html
        TEMPLATE         ./templates/layer_query_body.html
        #FILTERITEM year
		#FILTER year=2013
		CLASS
            NAME "FS Fuel Treatments 2002"
            STYLE
                COLOR        255 255 255
                OUTLINECOLOR 32 32 32
            END
            STYLE
                SYMBOL "hatchsymbol"
                COLOR 128 64 64
                SIZE 2
                ANGLE 45
            END # STYLE
        END
        METADATA
            "wms_title"          "fs_treatment_2002"
            "wms_abstract"       "fs_treatment_2002"
            "gml_include_items"  "treatment_,method,rev_date,gis_acres,year_out,dateplanne,dateaccomp,datecomple"
        END  # end METADATA
    END # end Layer
	LAYER #
        NAME fs_treatment_2003
        PROJECTION
            "init=epsg:4326"
        END
        CONNECTIONTYPE   postgis
        CONNECTION       "%(POSTGIS_CONNECTION_STRING)s"
        DATA             "geom from fs_treatment_2003"
				
        EXTENT           -124.733174 24.543940 -66.950005 49.384359 # US
        STATUS           OFF
        TYPE             POLYGON
        DUMP             TRUE
        HEADER           ./templates/layer_query_header.html
        TEMPLATE         ./templates/layer_query_body.html
        #FILTERITEM year
		#FILTER year=2013
		CLASS
            NAME "FS Fuel Treatments 2003"
            STYLE
                COLOR        255 255 255
                OUTLINECOLOR 32 32 32
            END
            STYLE
                SYMBOL "hatchsymbol"
                COLOR 128 64 64
                SIZE 2
                ANGLE 45
            END # STYLE
        END
        METADATA
            "wms_title"          "fs_treatment_2003"
            "wms_abstract"       "fs_treatment_2003"
            "gml_include_items"  "treatment_,method,rev_date,gis_acres,year_out,dateplanne,dateaccomp,datecomple"
        END  # end METADATA
    END # end Layer
	LAYER #
        NAME fs_treatment_2004
        PROJECTION
            "init=epsg:4326"
        END
        CONNECTIONTYPE   postgis
        CONNECTION       "%(POSTGIS_CONNECTION_STRING)s"
        DATA             "geom from fs_treatment_2004"
				
        EXTENT           -124.733174 24.543940 -66.950005 49.384359 # US
        STATUS           OFF
        TYPE             POLYGON
        DUMP             TRUE
        HEADER           ./templates/layer_query_header.html
        TEMPLATE         ./templates/layer_query_body.html
        #FILTERITEM year
		#FILTER year=2013
		CLASS
            NAME "FS Fuel Treatments 2004"
            STYLE
                COLOR        255 255 255
                OUTLINECOLOR 32 32 32
            END
            STYLE
                SYMBOL "hatchsymbol"
                COLOR 128 64 64
                SIZE 2
                ANGLE 45
            END # STYLE
        END
        METADATA
            "wms_title"          "fs_treatment_2004"
            "wms_abstract"       "fs_treatment_2004"
            "gml_include_items"  "treatment_,method,rev_date,gis_acres,year_out,dateplanne,dateaccomp,datecomple"
        END  # end METADATA
    END # end Layer
	LAYER #
        NAME fs_treatment_2005
        PROJECTION
            "init=epsg:4326"
        END
        CONNECTIONTYPE   postgis
        CONNECTION       "%(POSTGIS_CONNECTION_STRING)s"
        DATA             "geom from fs_treatment_2005"
				
        EXTENT           -124.733174 24.543940 -66.950005 49.384359 # US
        STATUS           OFF
        TYPE             POLYGON
        DUMP             TRUE
        HEADER           ./templates/layer_query_header.html
        TEMPLATE         ./templates/layer_query_body.html
        #FILTERITEM year
		#FILTER year=2013
		CLASS
            NAME "FS Fuel Treatments 2005"
            STYLE
                COLOR        255 255 255
                OUTLINECOLOR 32 32 32
            END
            STYLE
                SYMBOL "hatchsymbol"
                COLOR 128 64 64
                SIZE 2
                ANGLE 45
            END # STYLE
        END
        METADATA
            "wms_title"          "fs_treatment_2005"
            "wms_abstract"       "fs_treatment_2005"
            "gml_include_items"  "treatment_,method,rev_date,gis_acres,year_out,dateplanne,dateaccomp,datecomple"
        END  # end METADATA
    END # end Layer
	LAYER #
        NAME fs_treatment_2006
        PROJECTION
            "init=epsg:4326"
        END
        CONNECTIONTYPE   postgis
        CONNECTION       "%(POSTGIS_CONNECTION_STRING)s"
        DATA             "geom from fs_treatment_2006"
				
        EXTENT           -124.733174 24.543940 -66.950005 49.384359 # US
        STATUS           OFF
        TYPE             POLYGON
        DUMP             TRUE
        HEADER           ./templates/layer_query_header.html
        TEMPLATE         ./templates/layer_query_body.html
        #FILTERITEM year
		#FILTER year=2013
		CLASS
            NAME "FS Fuel Treatments 2006"
            STYLE
                COLOR        255 255 255
                OUTLINECOLOR 32 32 32
            END
            STYLE
                SYMBOL "hatchsymbol"
                COLOR 128 64 64
                SIZE 2
                ANGLE 45
            END # STYLE
        END
        METADATA
            "wms_title"          "fs_treatment_2006"
            "wms_abstract"       "fs_treatment_2006"
            "gml_include_items"  "treatment_,method,rev_date,gis_acres,year_out,dateplanne,dateaccomp,datecomple"
        END  # end METADATA
    END # end Layer
	LAYER #
        NAME fs_treatment_2007
        PROJECTION
            "init=epsg:4326"
        END
        CONNECTIONTYPE   postgis
        CONNECTION       "%(POSTGIS_CONNECTION_STRING)s"
        DATA             "geom from fs_treatment_2007"
				
        EXTENT           -124.733174 24.543940 -66.950005 49.384359 # US
        STATUS           OFF
        TYPE             POLYGON
        DUMP             TRUE
        HEADER           ./templates/layer_query_header.html
        TEMPLATE         ./templates/layer_query_body.html
        #FILTERITEM year
		#FILTER year=2013
		CLASS
            NAME "FS Fuel Treatments 2007"
            STYLE
                COLOR        255 255 255
                OUTLINECOLOR 32 32 32
            END
            STYLE
                SYMBOL "hatchsymbol"
                COLOR 128 64 64
                SIZE 2
                ANGLE 45
            END # STYLE
        END
        METADATA
            "wms_title"          "fs_treatment_2007"
            "wms_abstract"       "fs_treatment_2007"
            "gml_include_items"  "treatment_,method,rev_date,gis_acres,year_out,dateplanne,dateaccomp,datecomple"
        END  # end METADATA
    END # end Layer
	LAYER #
        NAME fs_treatment_2008
        PROJECTION
            "init=epsg:4326"
        END
        CONNECTIONTYPE   postgis
        CONNECTION       "%(POSTGIS_CONNECTION_STRING)s"
        DATA             "geom from fs_treatment_2008"
				
        EXTENT           -124.733174 24.543940 -66.950005 49.384359 # US
        STATUS           OFF
        TYPE             POLYGON
        DUMP             TRUE
        HEADER           ./templates/layer_query_header.html
        TEMPLATE         ./templates/layer_query_body.html
        #FILTERITEM year
		#FILTER year=2013
		CLASS
            NAME "FS Fuel Treatments 2008"
            STYLE
                COLOR        255 255 255
                OUTLINECOLOR 32 32 32
            END
            STYLE
                SYMBOL "hatchsymbol"
                COLOR 128 64 64
                SIZE 2
                ANGLE 45
            END # STYLE
        END
        METADATA
            "wms_title"          "fs_treatment_2008"
            "wms_abstract"       "fs_treatment_2008"
            "gml_include_items"  "treatment_,method,rev_date,gis_acres,year_out,dateplanne,dateaccomp,datecomple"
        END  # end METADATA
    END # end Layer
	LAYER #
        NAME fs_treatment_2009
        PROJECTION
            "init=epsg:4326"
        END
        CONNECTIONTYPE   postgis
        CONNECTION       "%(POSTGIS_CONNECTION_STRING)s"
        DATA             "geom from fs_treatment_2009"
				
        EXTENT           -124.733174 24.543940 -66.950005 49.384359 # US
        STATUS           OFF
        TYPE             POLYGON
        DUMP             TRUE
        HEADER           ./templates/layer_query_header.html
        TEMPLATE         ./templates/layer_query_body.html
        #FILTERITEM year
		#FILTER year=2013
		CLASS
            NAME "FS Fuel Treatments 2009"
            STYLE
                COLOR        255 255 255
                OUTLINECOLOR 32 32 32
            END
            STYLE
                SYMBOL "hatchsymbol"
                COLOR 128 64 64
                SIZE 2
                ANGLE 45
            END # STYLE
        END
        METADATA
            "wms_title"          "fs_treatment_2009"
            "wms_abstract"       "fs_treatment_2009"
            "gml_include_items"  "treatment_,method,rev_date,gis_acres,year_out,dateplanne,dateaccomp,datecomple"
        END  # end METADATA
    END # end Layer
	LAYER #
        NAME fs_treatment_2010
        PROJECTION
            "init=epsg:4326"
        END
        CONNECTIONTYPE   postgis
        CONNECTION       "%(POSTGIS_CONNECTION_STRING)s"
        DATA             "geom from fs_treatment_2010"
				
        EXTENT           -124.733174 24.543940 -66.950005 49.384359 # US
        STATUS           OFF
        TYPE             POLYGON
        DUMP             TRUE
        HEADER           ./templates/layer_query_header.html
        TEMPLATE         ./templates/layer_query_body.html
        #FILTERITEM year
		#FILTER year=2013
		CLASS
            NAME "FS Fuel Treatments 2010"
            STYLE
                COLOR        255 255 255
                OUTLINECOLOR 32 32 32
            END
            STYLE
                SYMBOL "hatchsymbol"
                COLOR 128 64 64
                SIZE 2
                ANGLE 45
            END # STYLE
        END
        METADATA
            "wms_title"          "fs_treatment_2010"
            "wms_abstract"       "fs_treatment_2010"
            "gml_include_items"  "treatment_,method,rev_date,gis_acres,year_out,dateplanne,dateaccomp,datecomple"
        END  # end METADATA
    END # end Layer
	LAYER #
        NAME fs_treatment_2011
        PROJECTION
            "init=epsg:4326"
        END
        CONNECTIONTYPE   postgis
        CONNECTION       "%(POSTGIS_CONNECTION_STRING)s"
        DATA             "geom from fs_treatment_2011"
				
        EXTENT           -124.733174 24.543940 -66.950005 49.384359 # US
        STATUS           OFF
        TYPE             POLYGON
        DUMP             TRUE
        HEADER           ./templates/layer_query_header.html
        TEMPLATE         ./templates/layer_query_body.html
        #FILTERITEM year
		#FILTER year=2013
		CLASS
            NAME "FS Fuel Treatments 2011"
            STYLE
                COLOR        255 255 255
                OUTLINECOLOR 32 32 32
            END
            STYLE
                SYMBOL "hatchsymbol"
                COLOR 128 64 64
                SIZE 2
                ANGLE 45
            END # STYLE
        END
        METADATA
            "wms_title"          "fs_treatment_2011"
            "wms_abstract"       "fs_treatment_2011"
            "gml_include_items"  "treatment_,method,rev_date,gis_acres,year_out,dateplanne,dateaccomp,datecomple"
        END  # end METADATA
    END # end Layer
	LAYER #
        NAME fs_treatment_2012
        PROJECTION
            "init=epsg:4326"
        END
        CONNECTIONTYPE   postgis
        CONNECTION       "%(POSTGIS_CONNECTION_STRING)s"
        DATA             "geom from fs_treatment_2012"
				
        EXTENT           -124.733174 24.543940 -66.950005 49.384359 # US
        STATUS           OFF
        TYPE             POLYGON
        DUMP             TRUE
        HEADER           ./templates/layer_query_header.html
        TEMPLATE         ./templates/layer_query_body.html
        #FILTERITEM year
		#FILTER year=2013
		CLASS
            NAME "FS Fuel Treatments 2012"
            STYLE
                COLOR        255 255 255
                OUTLINECOLOR 32 32 32
            END
            STYLE
                SYMBOL "hatchsymbol"
                COLOR 128 64 64
                SIZE 2
                ANGLE 45
            END # STYLE
        END
        METADATA
            "wms_title"          "fs_treatment_2012"
            "wms_abstract"       "fs_treatment_2012"
            "gml_include_items"  "treatment_,method,rev_date,gis_acres,year_out,dateplanne,dateaccomp,datecomple"
        END  # end METADATA
    END # end Layer
	LAYER #
        NAME fs_treatment_2013
        PROJECTION
            "init=epsg:4326"
        END
        CONNECTIONTYPE   postgis
        CONNECTION       "%(POSTGIS_CONNECTION_STRING)s"
        DATA             "geom from fs_treatment_2013"
				
        EXTENT           -124.733174 24.543940 -66.950005 49.384359 # US
        STATUS           OFF
        TYPE             POLYGON
        DUMP             TRUE
        HEADER           ./templates/layer_query_header.html
        TEMPLATE         ./templates/layer_query_body.html
        #FILTERITEM year
		#FILTER year=2013
		CLASS
            NAME "FS Fuel Treatments 2013"
            STYLE
                COLOR        255 255 255
                OUTLINECOLOR 32 32 32
            END
            STYLE
                SYMBOL "hatchsymbol"
                COLOR 128 64 64
                SIZE 2
                ANGLE 45
            END # STYLE
        END
        METADATA
            "wms_title"          "fs_treatment_2013"
            "wms_abstract"       "fs_treatment_2013"
            "gml_include_items"  "treatment_,method,rev_date,gis_acres,year_out,dateplanne,dateaccomp,datecomple"
        END  # end METADATA
    END # end Layer
	LAYER #
        NAME fs_treatment_2014
        PROJECTION
            "init=epsg:4326"
        END
        CONNECTIONTYPE   postgis
        CONNECTION       "%(POSTGIS_CONNECTION_STRING)s"
        DATA             "geom from fs_treatment_2014"
				
        EXTENT           -124.733174 24.543940 -66.950005 49.384359 # US
        STATUS           OFF
        TYPE             POLYGON
        DUMP             TRUE
        HEADER           ./templates/layer_query_header.html
        TEMPLATE         ./templates/layer_query_body.html
        #FILTERITEM year
		#FILTER year=2013
		CLASS
            NAME "FS Fuel Treatments 2014"
            STYLE
                COLOR        255 255 255
                OUTLINECOLOR 32 32 32
            END
            STYLE
                SYMBOL "hatchsymbol"
                COLOR 128 64 64
                SIZE 2
                ANGLE 45
            END # STYLE
        END
        METADATA
            "wms_title"          "fs_treatment_2014"
            "wms_abstract"       "fs_treatment_2014"
            "gml_include_items"  "treatment_,method,rev_date,gis_acres,year_out,dateplanne,dateaccomp,datecomple"
        END  # end METADATA
    END # end Layer
	LAYER #
        NAME fs_treatment_2015
        PROJECTION
            "init=epsg:4326"
        END
        CONNECTIONTYPE   postgis
        CONNECTION       "%(POSTGIS_CONNECTION_STRING)s"
        DATA             "geom from fs_treatment_2015"
				
        EXTENT           -124.733174 24.543940 -66.950005 49.384359 # US
        STATUS           OFF
        TYPE             POLYGON
        DUMP             TRUE
        HEADER           ./templates/layer_query_header.html
        TEMPLATE         ./templates/layer_query_body.html
        #FILTERITEM year
		#FILTER year=2013
		CLASS
            NAME "FS Fuel Treatments 2015"
            STYLE
                COLOR        255 255 255
                OUTLINECOLOR 32 32 32
            END
            STYLE
                SYMBOL "hatchsymbol"
                COLOR 128 64 64
                SIZE 2
                ANGLE 45
            END # STYLE
        END
        METADATA
            "wms_title"          "fs_treatment_2015"
            "wms_abstract"       "fs_treatment_2015"
            "gml_include_items"  "treatment_,method,rev_date,gis_acres,year_out,dateplanne,dateaccomp,datecomple"
        END  # end METADATA
    END # end Layer
	LAYER #
        NAME fs_treatment_2016
        PROJECTION
            "init=epsg:4326"
        END
        CONNECTIONTYPE   postgis
        CONNECTION       "%(POSTGIS_CONNECTION_STRING)s"
        DATA             "geom from fs_treatment_2016"
				
        EXTENT           -124.733174 24.543940 -66.950005 49.384359 # US
        STATUS           OFF
        TYPE             POLYGON
        DUMP             TRUE
        HEADER           ./templates/layer_query_header.html
        TEMPLATE         ./templates/layer_query_body.html
        #FILTERITEM year
		#FILTER year=2013
		CLASS
            NAME "FS Fuel Treatments 2016"
            STYLE
                COLOR        255 255 255
                OUTLINECOLOR 32 32 32
            END
            STYLE
                SYMBOL "hatchsymbol"
                COLOR 128 64 64
                SIZE 2
                ANGLE 45
            END # STYLE
        END
		METADATA
            "wms_title"          "fs_treatment_2016"
            "wms_abstract"       "fs_treatment_2016"
            "gml_include_items"  "activity,date_plann,date_accom,date_compl,method,stage_valu,rev_date,gis_acres,year_out,nodate2_yr"
        END  # end METADATA
    END
	LAYER #
        NAME fs_treatment_2017
        PROJECTION
            "init=epsg:4326"
        END
        CONNECTIONTYPE   postgis
        CONNECTION       "%(POSTGIS_CONNECTION_STRING)s"
        DATA             "geom from fs_treatment_2017"
				
        EXTENT           -124.733174 24.543940 -66.950005 49.384359 # US
        STATUS           OFF
        TYPE             POLYGON
        DUMP             TRUE
        HEADER           ./templates/layer_query_header.html
        TEMPLATE         ./templates/layer_query_body.html
        #FILTERITEM year
		#FILTER year=2013
		CLASS
            NAME "FS Fuel Treatments 2017"
            STYLE
                COLOR        255 255 255
                OUTLINECOLOR 32 32 32
            END
            STYLE
                SYMBOL "hatchsymbol"
                COLOR 128 64 64
                SIZE 2
                ANGLE 45
            END # STYLE
        END
		METADATA
            "wms_title"          "fs_treatment_2017"
            "wms_abstract"       "fs_treatment_2017"
            "gml_include_items"  "activity,date_plann,date_accom,date_compl,method,stage_valu,rev_date,gis_acres,year_out,nodate2_yr"
        END  # end METADATA
    END
    LAYER #
        NAME fs_treatment_2018
        PROJECTION
            "init=epsg:4326"
        END
        CONNECTIONTYPE   postgis
        CONNECTION       "%(POSTGIS_CONNECTION_STRING)s"
        DATA             "geom from fs_treatment_2018"
                
        EXTENT           -124.733174 24.543940 -66.950005 49.384359 # US
        STATUS           OFF
        TYPE             POLYGON
        DUMP             TRUE
        HEADER           ./templates/layer_query_header.html
        TEMPLATE         ./templates/layer_query_body.html
        #FILTERITEM year
        #FILTER year=2013
        CLASS
            NAME "FS Fuel Treatments 2018"
            STYLE
                COLOR        255 255 255
                OUTLINECOLOR 32 32 32
            END
            STYLE
                SYMBOL "hatchsymbol"
                COLOR 128 64 64
                SIZE 2
                ANGLE 45
            END # STYLE
        END
        METADATA
            "wms_title"          "fs_treatment_2018"
            "wms_abstract"       "fs_treatment_2018"
            "gml_include_items"  "activity,date_plann,date_accom,date_compl,method,stage_valu,rev_date,gis_acres,year_out,nodate2_yr"
        END  # end METADATA
    END
    LAYER #
        NAME fs_treatment_2019
        PROJECTION
            "init=epsg:4326"
        END
        CONNECTIONTYPE   postgis
        CONNECTION       "%(POSTGIS_CONNECTION_STRING)s"
        DATA             "geom from fs_treatment_2019"
                
        EXTENT           -124.733174 24.543940 -66.950005 49.384359 # US
        STATUS           OFF
        TYPE             POLYGON
        DUMP             TRUE
        HEADER           ./templates/layer_query_header.html
        TEMPLATE         ./templates/layer_query_body.html
        #FILTERITEM year
        #FILTER year=2013
        CLASS
            NAME "FS Fuel Treatments 2019"
            STYLE
                COLOR        255 255 255
                OUTLINECOLOR 32 32 32
            END
            STYLE
                SYMBOL "hatchsymbol"
                COLOR 128 64 64
                SIZE 2
                ANGLE 45
            END # STYLE
        END
        METADATA
            "wms_title"          "fs_treatment_2019"
            "wms_abstract"       "fs_treatment_2019"
            "gml_include_items"  "activity,date_plann,date_accom,date_compl,method,stage_valu,rev_date,gis_acres,year_out,nodate2_yr"
        END  # end METADATA
    END
	LAYER #
        NAME fs_harvests_2000
        PROJECTION
            "init=epsg:4326"
        END
        CONNECTIONTYPE   postgis
        CONNECTION       "%(POSTGIS_CONNECTION_STRING)s"
        DATA             "geom from fs_harvests_2000"
				
        EXTENT           -124.733174 24.543940 -66.950005 49.384359 # US
        STATUS           OFF
        TYPE             POLYGON
        DUMP             TRUE
        HEADER           ./templates/layer_query_header.html
        TEMPLATE         ./templates/layer_query_body.html
        #FILTERITEM year
		#FILTER year=2013
		CLASS
            NAME "FS Timber Harvests 2000"
            STYLE
                COLOR        255 255 255
                OUTLINECOLOR 32 32 32
            END
            STYLE
                SYMBOL "hatchsymbol"
                COLOR 128 64 64
                SIZE 2
                ANGLE 45
            END # STYLE
        END
        METADATA
            "wms_title"          "fs_harvests_2000"
            "wms_abstract"       "fs_harvests_2000"
            "gml_include_items"  "admin_fore,activity_n,date_plann,date_accom,date_compl,gis_acres,year_out"
        END  # end METADATA
    END # end Layer
	LAYER #
        NAME fs_harvests_2001
        PROJECTION
            "init=epsg:4326"
        END
        CONNECTIONTYPE   postgis
        CONNECTION       "%(POSTGIS_CONNECTION_STRING)s"
        DATA             "geom from fs_harvests_2001"
				
        EXTENT           -124.733174 24.543940 -66.950005 49.384359 # US
        STATUS           OFF
        TYPE             POLYGON
        DUMP             TRUE
        HEADER           ./templates/layer_query_header.html
        TEMPLATE         ./templates/layer_query_body.html
        #FILTERITEM year
		#FILTER year=2013
		CLASS
            NAME "FS Timber Harvests 2001"
            STYLE
                COLOR        255 255 255
                OUTLINECOLOR 32 32 32
            END
            STYLE
                SYMBOL "hatchsymbol"
                COLOR 128 64 64
                SIZE 2
                ANGLE 45
            END # STYLE
        END
        METADATA
            "wms_title"          "fs_harvests_2001"
            "wms_abstract"       "fs_harvests_2001"
            "gml_include_items"  "admin_fore,activity_n,date_plann,date_accom,date_compl,gis_acres,year_out"
        END  # end METADATA
    END # end Layer
	LAYER #
        NAME fs_harvests_2002
        PROJECTION
            "init=epsg:4326"
        END
        CONNECTIONTYPE   postgis
        CONNECTION       "%(POSTGIS_CONNECTION_STRING)s"
        DATA             "geom from fs_harvests_2002"
				
        EXTENT           -124.733174 24.543940 -66.950005 49.384359 # US
        STATUS           OFF
        TYPE             POLYGON
        DUMP             TRUE
        HEADER           ./templates/layer_query_header.html
        TEMPLATE         ./templates/layer_query_body.html
        #FILTERITEM year
		#FILTER year=2013
		CLASS
            NAME "FS Timber Harvests 2002"
            STYLE
                COLOR        255 255 255
                OUTLINECOLOR 32 32 32
            END
            STYLE
                SYMBOL "hatchsymbol"
                COLOR 128 64 64
                SIZE 2
                ANGLE 45
            END # STYLE
        END
        METADATA
            "wms_title"          "fs_harvests_2002"
            "wms_abstract"       "fs_harvests_2002"
            "gml_include_items"  "admin_fore,activity_n,date_plann,date_accom,date_compl,gis_acres,year_out"
        END  # end METADATA
    END # end Layer
	LAYER #
        NAME fs_harvests_2003
        PROJECTION
            "init=epsg:4326"
        END
        CONNECTIONTYPE   postgis
        CONNECTION       "%(POSTGIS_CONNECTION_STRING)s"
        DATA             "geom from fs_harvests_2003"
				
        EXTENT           -124.733174 24.543940 -66.950005 49.384359 # US
        STATUS           OFF
        TYPE             POLYGON
        DUMP             TRUE
        HEADER           ./templates/layer_query_header.html
        TEMPLATE         ./templates/layer_query_body.html
        #FILTERITEM year
		#FILTER year=2013
		CLASS
            NAME "FS Timber Harvests 2003"
            STYLE
                COLOR        255 255 255
                OUTLINECOLOR 32 32 32
            END
            STYLE
                SYMBOL "hatchsymbol"
                COLOR 128 64 64
                SIZE 2
                ANGLE 45
            END # STYLE
        END
        METADATA
            "wms_title"          "fs_harvests_2003"
            "wms_abstract"       "fs_harvests_2003"
            "gml_include_items"  "admin_fore,activity_n,date_plann,date_accom,date_compl,gis_acres,year_out"
        END  # end METADATA
    END # end Layer
	LAYER #
        NAME fs_harvests_2004
        PROJECTION
            "init=epsg:4326"
        END
        CONNECTIONTYPE   postgis
        CONNECTION       "%(POSTGIS_CONNECTION_STRING)s"
        DATA             "geom from fs_harvests_2004"
				
        EXTENT           -124.733174 24.543940 -66.950005 49.384359 # US
        STATUS           OFF
        TYPE             POLYGON
        DUMP             TRUE
        HEADER           ./templates/layer_query_header.html
        TEMPLATE         ./templates/layer_query_body.html
        #FILTERITEM year
		#FILTER year=2013
		CLASS
            NAME "FS Timber Harvests 2004"
            STYLE
                COLOR        255 255 255
                OUTLINECOLOR 32 32 32
            END
            STYLE
                SYMBOL "hatchsymbol"
                COLOR 128 64 64
                SIZE 2
                ANGLE 45
            END # STYLE
        END
        METADATA
            "wms_title"          "fs_harvests_2004"
            "wms_abstract"       "fs_harvests_2004"
            "gml_include_items"  "admin_fore,activity_n,date_plann,date_accom,date_compl,gis_acres,year_out"
        END  # end METADATA
    END # end Layer
	LAYER #
        NAME fs_harvests_2005
        PROJECTION
            "init=epsg:4326"
        END
        CONNECTIONTYPE   postgis
        CONNECTION       "%(POSTGIS_CONNECTION_STRING)s"
        DATA             "geom from fs_harvests_2005"
				
        EXTENT           -124.733174 24.543940 -66.950005 49.384359 # US
        STATUS           OFF
        TYPE             POLYGON
        DUMP             TRUE
        HEADER           ./templates/layer_query_header.html
        TEMPLATE         ./templates/layer_query_body.html
        #FILTERITEM year
		#FILTER year=2013
		CLASS
            NAME "FS Timber Harvests 2005"
            STYLE
                COLOR        255 255 255
                OUTLINECOLOR 32 32 32
            END
            STYLE
                SYMBOL "hatchsymbol"
                COLOR 128 64 64
                SIZE 2
                ANGLE 45
            END # STYLE
        END
        METADATA
            "wms_title"          "fs_harvests_2005"
            "wms_abstract"       "fs_harvests_2005"
            "gml_include_items"  "admin_fore,activity_n,date_plann,date_accom,date_compl,gis_acres,year_out"
        END  # end METADATA
    END # end Layer
	LAYER #
        NAME fs_harvests_2006
        PROJECTION
            "init=epsg:4326"
        END
        CONNECTIONTYPE   postgis
        CONNECTION       "%(POSTGIS_CONNECTION_STRING)s"
        DATA             "geom from fs_harvests_2006"
				
        EXTENT           -124.733174 24.543940 -66.950005 49.384359 # US
        STATUS           OFF
        TYPE             POLYGON
        DUMP             TRUE
        HEADER           ./templates/layer_query_header.html
        TEMPLATE         ./templates/layer_query_body.html
        #FILTERITEM year
		#FILTER year=2013
		CLASS
            NAME "FS Timber Harvests 2006"
            STYLE
                COLOR        255 255 255
                OUTLINECOLOR 32 32 32
            END
            STYLE
                SYMBOL "hatchsymbol"
                COLOR 128 64 64
                SIZE 2
                ANGLE 45
            END # STYLE
        END
        METADATA
            "wms_title"          "fs_harvests_2006"
            "wms_abstract"       "fs_harvests_2006"
            "gml_include_items"  "admin_fore,activity_n,date_plann,date_accom,date_compl,gis_acres,year_out"
        END  # end METADATA
    END # end Layer
	LAYER #
        NAME fs_harvests_2007
        PROJECTION
            "init=epsg:4326"
        END
        CONNECTIONTYPE   postgis
        CONNECTION       "%(POSTGIS_CONNECTION_STRING)s"
        DATA             "geom from fs_harvests_2007"
				
        EXTENT           -124.733174 24.543940 -66.950005 49.384359 # US
        STATUS           OFF
        TYPE             POLYGON
        DUMP             TRUE
        HEADER           ./templates/layer_query_header.html
        TEMPLATE         ./templates/layer_query_body.html
        #FILTERITEM year
		#FILTER year=2013
		CLASS
            NAME "FS Timber Harvests 2007"
            STYLE
                COLOR        255 255 255
                OUTLINECOLOR 32 32 32
            END
            STYLE
                SYMBOL "hatchsymbol"
                COLOR 128 64 64
                SIZE 2
                ANGLE 45
            END # STYLE
        END
        METADATA
            "wms_title"          "fs_harvests_2007"
            "wms_abstract"       "fs_harvests_2007"
            "gml_include_items"  "admin_fore,activity_n,date_plann,date_accom,date_compl,gis_acres,year_out"
        END  # end METADATA
    END # end Layer
	LAYER #
        NAME fs_harvests_2008
        PROJECTION
            "init=epsg:4326"
        END
        CONNECTIONTYPE   postgis
        CONNECTION       "%(POSTGIS_CONNECTION_STRING)s"
        DATA             "geom from fs_harvests_2008"
				
        EXTENT           -124.733174 24.543940 -66.950005 49.384359 # US
        STATUS           OFF
        TYPE             POLYGON
        DUMP             TRUE
        HEADER           ./templates/layer_query_header.html
        TEMPLATE         ./templates/layer_query_body.html
        #FILTERITEM year
		#FILTER year=2013
		CLASS
            NAME "FS Timber Harvests 2008"
            STYLE
                COLOR        255 255 255
                OUTLINECOLOR 32 32 32
            END
            STYLE
                SYMBOL "hatchsymbol"
                COLOR 128 64 64
                SIZE 2
                ANGLE 45
            END # STYLE
        END
        METADATA
            "wms_title"          "fs_harvests_2008"
            "wms_abstract"       "fs_harvests_2008"
            "gml_include_items"  "admin_fore,activity_n,date_plann,date_accom,date_compl,gis_acres,year_out"
        END  # end METADATA
    END # end Layer
	LAYER #
        NAME fs_harvests_2009
        PROJECTION
            "init=epsg:4326"
        END
        CONNECTIONTYPE   postgis
        CONNECTION       "%(POSTGIS_CONNECTION_STRING)s"
        DATA             "geom from fs_harvests_2009"
				
        EXTENT           -124.733174 24.543940 -66.950005 49.384359 # US
        STATUS           OFF
        TYPE             POLYGON
        DUMP             TRUE
        HEADER           ./templates/layer_query_header.html
        TEMPLATE         ./templates/layer_query_body.html
        #FILTERITEM year
		#FILTER year=2013
		CLASS
            NAME "FS Timber Harvests 2009"
            STYLE
                COLOR        255 255 255
                OUTLINECOLOR 32 32 32
            END
            STYLE
                SYMBOL "hatchsymbol"
                COLOR 128 64 64
                SIZE 2
                ANGLE 45
            END # STYLE
        END
        METADATA
            "wms_title"          "fs_harvests_2009"
            "wms_abstract"       "fs_harvests_2009"
            "gml_include_items"  "admin_fore,activity_n,date_plann,date_accom,date_compl,gis_acres,year_out"
        END  # end METADATA
    END # end Layer
	LAYER #
        NAME fs_harvests_2010
        PROJECTION
            "init=epsg:4326"
        END
        CONNECTIONTYPE   postgis
        CONNECTION       "%(POSTGIS_CONNECTION_STRING)s"
        DATA             "geom from fs_harvests_2010"
				
        EXTENT           -124.733174 24.543940 -66.950005 49.384359 # US
        STATUS           OFF
        TYPE             POLYGON
        DUMP             TRUE
        HEADER           ./templates/layer_query_header.html
        TEMPLATE         ./templates/layer_query_body.html
        #FILTERITEM year
		#FILTER year=2013
		CLASS
            NAME "FS Timber Harvests 2010"
            STYLE
                COLOR        255 255 255
                OUTLINECOLOR 32 32 32
            END
            STYLE
                SYMBOL "hatchsymbol"
                COLOR 128 64 64
                SIZE 2
                ANGLE 45
            END # STYLE
        END
        METADATA
            "wms_title"          "fs_harvests_2010"
            "wms_abstract"       "fs_harvests_2010"
            "gml_include_items"  "admin_fore,activity_n,date_plann,date_accom,date_compl,gis_acres,year_out"
        END  # end METADATA
    END # end Layer
	LAYER #
        NAME fs_harvests_2011
        PROJECTION
            "init=epsg:4326"
        END
        CONNECTIONTYPE   postgis
        CONNECTION       "%(POSTGIS_CONNECTION_STRING)s"
        DATA             "geom from fs_harvests_2011"
				
        EXTENT           -124.733174 24.543940 -66.950005 49.384359 # US
        STATUS           OFF
        TYPE             POLYGON
        DUMP             TRUE
        HEADER           ./templates/layer_query_header.html
        TEMPLATE         ./templates/layer_query_body.html
        #FILTERITEM year
		#FILTER year=2013
		CLASS
            NAME "FS Timber Harvests 2011"
            STYLE
                COLOR        255 255 255
                OUTLINECOLOR 32 32 32
            END
            STYLE
                SYMBOL "hatchsymbol"
                COLOR 128 64 64
                SIZE 2
                ANGLE 45
            END # STYLE
        END
        METADATA
            "wms_title"          "fs_harvests_2011"
            "wms_abstract"       "fs_harvests_2011"
            "gml_include_items"  "admin_fore,activity_n,date_plann,date_accom,date_compl,gis_acres,year_out"
        END  # end METADATA
    END # end Layer
	LAYER #
        NAME fs_harvests_2012
        PROJECTION
            "init=epsg:4326"
        END
        CONNECTIONTYPE   postgis
        CONNECTION       "%(POSTGIS_CONNECTION_STRING)s"
        DATA             "geom from fs_harvests_2012"
				
        EXTENT           -124.733174 24.543940 -66.950005 49.384359 # US
        STATUS           OFF
        TYPE             POLYGON
        DUMP             TRUE
        HEADER           ./templates/layer_query_header.html
        TEMPLATE         ./templates/layer_query_body.html
        #FILTERITEM year
		#FILTER year=2013
		CLASS
            NAME "FS Timber Harvests 2012"
            STYLE
                COLOR        255 255 255
                OUTLINECOLOR 32 32 32
            END
            STYLE
                SYMBOL "hatchsymbol"
                COLOR 128 64 64
                SIZE 2
                ANGLE 45
            END # STYLE
        END
        METADATA
            "wms_title"          "fs_harvests_2012"
            "wms_abstract"       "fs_harvests_2012"
            "gml_include_items"  "admin_fore,activity_n,date_plann,date_accom,date_compl,gis_acres,year_out"
        END  # end METADATA
    END # end Layer
	LAYER #
        NAME fs_harvests_2013
        PROJECTION
            "init=epsg:4326"
        END
        CONNECTIONTYPE   postgis
        CONNECTION       "%(POSTGIS_CONNECTION_STRING)s"
        DATA             "geom from fs_harvests_2013"
				
        EXTENT           -124.733174 24.543940 -66.950005 49.384359 # US
        STATUS           OFF
        TYPE             POLYGON
        DUMP             TRUE
        HEADER           ./templates/layer_query_header.html
        TEMPLATE         ./templates/layer_query_body.html
        #FILTERITEM year
		#FILTER year=2013
		CLASS
            NAME "FS Timber Harvests 2013"
            STYLE
                COLOR        255 255 255
                OUTLINECOLOR 32 32 32
            END
            STYLE
                SYMBOL "hatchsymbol"
                COLOR 128 64 64
                SIZE 2
                ANGLE 45
            END # STYLE
        END
        METADATA
            "wms_title"          "fs_harvests_2013"
            "wms_abstract"       "fs_harvests_2013"
            "gml_include_items"  "admin_fore,activity_n,date_plann,date_accom,date_compl,gis_acres,year_out"
        END  # end METADATA
    END # end Layer
	LAYER #
        NAME fs_harvests_2014
        PROJECTION
            "init=epsg:4326"
        END
        CONNECTIONTYPE   postgis
        CONNECTION       "%(POSTGIS_CONNECTION_STRING)s"
        DATA             "geom from fs_harvests_2014"
				
        EXTENT           -124.733174 24.543940 -66.950005 49.384359 # US
        STATUS           OFF
        TYPE             POLYGON
        DUMP             TRUE
        HEADER           ./templates/layer_query_header.html
        TEMPLATE         ./templates/layer_query_body.html
        #FILTERITEM year
		#FILTER year=2013
		CLASS
            NAME "FS Timber Harvests 2014"
            STYLE
                COLOR        255 255 255
                OUTLINECOLOR 32 32 32
            END
            STYLE
                SYMBOL "hatchsymbol"
                COLOR 128 64 64
                SIZE 2
                ANGLE 45
            END # STYLE
        END
        METADATA
            "wms_title"          "fs_harvests_2014"
            "wms_abstract"       "fs_harvests_2014"
            "gml_include_items"  "admin_fore,activity_n,date_plann,date_accom,date_compl,gis_acres,year_out"
        END  # end METADATA
    END # end Layer
	LAYER #
        NAME fs_harvests_2015
        PROJECTION
            "init=epsg:4326"
        END
        CONNECTIONTYPE   postgis
        CONNECTION       "%(POSTGIS_CONNECTION_STRING)s"
        DATA             "geom from fs_harvests_2015"
				
        EXTENT           -124.733174 24.543940 -66.950005 49.384359 # US
        STATUS           OFF
        TYPE             POLYGON
        DUMP             TRUE
        HEADER           ./templates/layer_query_header.html
        TEMPLATE         ./templates/layer_query_body.html
        #FILTERITEM year
		#FILTER year=2013
		CLASS
            NAME "FS Timber Harvests 2015"
            STYLE
                COLOR        255 255 255
                OUTLINECOLOR 32 32 32
            END
            STYLE
                SYMBOL "hatchsymbol"
                COLOR 128 64 64
                SIZE 2
                ANGLE 45
            END # STYLE
        END
        METADATA
            "wms_title"          "fs_harvests_2015"
            "wms_abstract"       "fs_harvests_2015"
            "gml_include_items"  "admin_fore,activity_n,date_plann,date_accom,date_compl,gis_acres,year_out"
        END  # end METADATA
    END # end Layer
	LAYER #
        NAME fs_harvests_2016
        PROJECTION
            "init=epsg:4326"
        END
        CONNECTIONTYPE   postgis
        CONNECTION       "%(POSTGIS_CONNECTION_STRING)s"
        DATA             "geom from fs_harvests_2016"
				
        EXTENT           -124.733174 24.543940 -66.950005 49.384359 # US
        STATUS           OFF
        TYPE             POLYGON
        DUMP             TRUE
        HEADER           ./templates/layer_query_header.html
        TEMPLATE         ./templates/layer_query_body.html
        #FILTERITEM year
		#FILTER year=2013
		CLASS
            NAME "FS Timber Harvests 2016"
            STYLE
                COLOR        255 255 255
                OUTLINECOLOR 32 32 32
            END
            STYLE
                SYMBOL "hatchsymbol"
                COLOR 128 64 64
                SIZE 2
                ANGLE 45
            END # STYLE
        END
        METADATA
            "wms_title"          "fs_harvests_2016"
            "wms_abstract"       "fs_harvests_2016"
            "gml_include_items"  "admin_fo_1,activity_n,date_plann,date_accom,date_compl,gis_acres,year_out"
        END  # end METADATA
    END # end Layer
	LAYER #
        NAME fs_harvests_2017
        PROJECTION
            "init=epsg:4326"
        END
        CONNECTIONTYPE   postgis
        CONNECTION       "%(POSTGIS_CONNECTION_STRING)s"
        DATA             "geom from fs_harvests_2017"
				
        EXTENT           -124.733174 24.543940 -66.950005 49.384359 # US
        STATUS           OFF
        TYPE             POLYGON
        DUMP             TRUE
        HEADER           ./templates/layer_query_header.html
        TEMPLATE         ./templates/layer_query_body.html
        #FILTERITEM year
		#FILTER year=2013
		CLASS
            NAME "FS Timber Harvests 2017"
            STYLE
                COLOR        255 255 255
                OUTLINECOLOR 32 32 32
            END
            STYLE
                SYMBOL "hatchsymbol"
                COLOR 128 64 64
                SIZE 2
                ANGLE 45
            END # STYLE
        END
        METADATA
            "wms_title"          "fs_harvests_2017"
            "wms_abstract"       "fs_harvests_2017"
            "gml_include_items"  "admin_fo_1,activity_n,date_plann,date_accom,date_compl,gis_acres,year_out"
        END  # end METADATA
    END # end Layer
	
        LAYER #
        NAME fs_harvests_2018
        PROJECTION
            "init=epsg:4326"
        END
        CONNECTIONTYPE   postgis
        CONNECTION       "%(POSTGIS_CONNECTION_STRING)s"
        DATA             "geom from fs_harvests_2018"
                
        EXTENT           -124.733174 24.543940 -66.950005 49.384359 # US
        STATUS           OFF
        TYPE             POLYGON
        DUMP             TRUE
        HEADER           ./templates/layer_query_header.html
        TEMPLATE         ./templates/layer_query_body.html
        #FILTERITEM year
        #FILTER year=2013
        CLASS
            NAME "FS Timber Harvests 2018"
            STYLE
                COLOR        255 255 255
                OUTLINECOLOR 32 32 32
            END
            STYLE
                SYMBOL "hatchsymbol"
                COLOR 128 64 64
                SIZE 2
                ANGLE 45
            END # STYLE
        END
        METADATA
            "wms_title"          "fs_harvests_2018"
            "wms_abstract"       "fs_harvests_2018"
            "gml_include_items"  "admin_fo_1,activity_n,date_plann,date_accom,date_compl,gis_acres,year_out"
        END  # end METADATA
    END # end Layer
    
END
