MAP
    # the following two lines tell MapServer to write debugging output to a log file.  Remove the '#' from the beginning
    # of the two lines below to enable this logging:
    # CONFIG "MS_ERRORFILE" "../var/log/ewsmonthly.log"
    #DEBUG 5

    # all temp files get prefixed with this string
    NAME ms_wlayers

    # background color of image if transparency
    # is not requested
    IMAGECOLOR 255 255 255

    # default output image dimensions
    SIZE 1200 1000

    # always returns a map
    STATUS ON

    # set top level projection
    PROJECTION
     "init=epsg:4326"
    END
	
    # image format options
    OUTPUTFORMAT
        NAME "GEOTIFF"
        DRIVER "GDAL/GTiff"
        MIMETYPE "image/geotiff"
        IMAGEMODE "BYTE"
        EXTENSION "tif"
    END

	TRANSPARENT ON
	
    # minx miny maxx maxy
    # sets:
    # /WMT_MS_Capabilities/Capability/Layer/LatLonBoundingBox(@minx @miny @maxx @maxx)
    EXTENT -180 -90 180 90 # World

    # add def pointers for symbols
    SYMBOLSET "./symbols/symbols35.sym"
    FONTSET   "./fonts/fonts.list"

    #
    # Start of web interface definition
    WEB
        # this is the real filepath to the temp dir for intermediate file creation
        IMAGEPATH "./tmp"
        # this is the web-accessible path to IMAGEPATH
        IMAGEURL "/tmp/"
        HEADER "./templates/query_header.html"
        FOOTER "./templates/query_footer.html"
        METADATA
            "ows_enable_request"     "*"
            "wms_title"              "wlayers"
            "wms_abstract"           "wlayers"
            "wms_onlineresource"     "%(SERVICE_URL)s"
            "wms_srs"                "EPSG:4326 EPSG:2163 EPSG:3785 EPSG:900913"
        END
    END

    QUERYMAP
        STATUS OFF
    END
	LAYER
      NAME "eMODIS-VegDRI1"
      TYPE RASTER
      STATUS OFF
      CONNECTION "http://landfire.cr.usgs.gov/arcgis/services/Drought/Drought_Monitoring/MapServer/WMSServer?"
      CONNECTIONTYPE WMS
      PROJECTION
       "init=epsg:4326"
      END
      METADATA
        "wms_srs"             "EPSG:4269"
        "wms_name"            "DROUGHT_VDRI_EMODIS_1"
        "wms_server_version"  "1.1.1"
        "wms_format"          "image/png"
		"wms_bgcolor"         "0x000000"
      END
    END
	LAYER
      NAME "eMODIS-VegDRI2"
      TYPE RASTER
      STATUS OFF
      CONNECTION "http://landfire.cr.usgs.gov/arcgis/services/Drought/Drought_Monitoring/MapServer/WMSServer?"
      CONNECTIONTYPE WMS
      PROJECTION
       "init=epsg:4326"
      END
      METADATA
        "wms_srs"             "EPSG:4269"
        "wms_name"            "DROUGHT_VDRI_EMODIS_2"
        "wms_server_version"  "1.1.1"
        "wms_format"          "image/png"
		"wms_bgcolor"         "0x000000"
      END
    END
	LAYER
      NAME "eMODIS-VegDRI3"
      TYPE RASTER
      STATUS OFF
      CONNECTION "http://landfire.cr.usgs.gov/arcgis/services/Drought/Drought_Monitoring/MapServer/WMSServer?"
      CONNECTIONTYPE WMS
      PROJECTION
       "init=epsg:4326"
      END
      METADATA
        "wms_srs"             "EPSG:4269"
        "wms_name"            "DROUGHT_VDRI_EMODIS_3"
        "wms_server_version"  "1.1.1"
        "wms_format"          "image/png"
		"wms_bgcolor"         "0x000000"
      END
    END
	LAYER
      NAME "eMODIS-VegDRI4"
      TYPE RASTER
      STATUS OFF
      CONNECTION "http://landfire.cr.usgs.gov/arcgis/services/Drought/Drought_Monitoring/MapServer/WMSServer?"
      CONNECTIONTYPE WMS
      PROJECTION
       "init=epsg:4326"
      END
      METADATA
        "wms_srs"             "EPSG:4269"
        "wms_name"            "DROUGHT_VDRI_EMODIS_4"
        "wms_server_version"  "1.1.1"
        "wms_format"          "image/png"
		"wms_bgcolor"         "0x000000"
      END
    END
	LAYER
      NAME "eMODIS-VegDRI5"
      TYPE RASTER
      STATUS OFF
      CONNECTION "http://landfire.cr.usgs.gov/arcgis/services/Drought/Drought_Monitoring/MapServer/WMSServer?"
      CONNECTIONTYPE WMS
      PROJECTION
       "init=epsg:4326"
      END
      METADATA
        "wms_srs"             "EPSG:4269"
        "wms_name"            "DROUGHT_VDRI_EMODIS_5"
        "wms_server_version"  "1.1.1"
        "wms_format"          "image/png"
		"wms_bgcolor"         "0x000000"
      END
    END
	LAYER
      NAME "eMODIS-VegDRI6"
      TYPE RASTER
      STATUS OFF
      CONNECTION "http://landfire.cr.usgs.gov/arcgis/services/Drought/Drought_Monitoring/MapServer/WMSServer?"
      CONNECTIONTYPE WMS
      PROJECTION
       "init=epsg:4326"
      END
      METADATA
        "wms_srs"             "EPSG:4269"
        "wms_name"            "DROUGHT_VDRI_EMODIS_6"
        "wms_server_version"  "1.1.1"
        "wms_format"          "image/png"
		"wms_bgcolor"         "0x000000"
      END
    END
	LAYER
      NAME "eMODIS-VegDRI7"
      TYPE RASTER
      STATUS OFF
      CONNECTION "http://landfire.cr.usgs.gov/arcgis/services/Drought/Drought_Monitoring/MapServer/WMSServer?"
      CONNECTIONTYPE WMS
      PROJECTION
       "init=epsg:4326"
      END
      METADATA
        "wms_srs"             "EPSG:4269"
        "wms_name"            "DROUGHT_VDRI_EMODIS_7"
        "wms_server_version"  "1.1.1"
        "wms_format"          "image/png"
		"wms_bgcolor"         "0x000000"
      END
    END
	LAYER
      NAME "eMODIS-VegDRI8"
      TYPE RASTER
      STATUS OFF
      CONNECTION "http://landfire.cr.usgs.gov/arcgis/services/Drought/Drought_Monitoring/MapServer/WMSServer?"
      CONNECTIONTYPE WMS
      PROJECTION
       "init=epsg:4326"
      END
      METADATA
        "wms_srs"             "EPSG:4269"
        "wms_name"            "DROUGHT_VDRI_EMODIS_8"
        "wms_server_version"  "1.1.1"
        "wms_format"          "image/png"
		"wms_bgcolor"         "0x000000"
      END
    END
	LAYER
      NAME "eMODIS-VegDRI9"
      TYPE RASTER
      STATUS OFF
      CONNECTION "http://landfire.cr.usgs.gov/arcgis/services/Drought/Drought_Monitoring/MapServer/WMSServer?"
      CONNECTIONTYPE WMS
      PROJECTION
       "init=epsg:4326"
      END
      METADATA
        "wms_srs"             "EPSG:4269"
        "wms_name"            "DROUGHT_VDRI_EMODIS_9"
        "wms_server_version"  "1.1.1"
        "wms_format"          "image/png"
		"wms_bgcolor"         "0x000000"
      END
    END
	LAYER
      NAME "eMODIS-VegDRI10"
      TYPE RASTER
      STATUS OFF
      CONNECTION "http://landfire.cr.usgs.gov/arcgis/services/Drought/Drought_Monitoring/MapServer/WMSServer?"
      CONNECTIONTYPE WMS
      PROJECTION
       "init=epsg:4326"
      END
      METADATA
        "wms_srs"             "EPSG:4269"
        "wms_name"            "DROUGHT_VDRI_EMODIS_10"
        "wms_server_version"  "1.1.1"
        "wms_format"          "image/png"
		"wms_bgcolor"         "0x000000"
      END
    END
	LAYER
      NAME "eMODIS-VegDRI11"
      TYPE RASTER
      STATUS OFF
      CONNECTION "http://landfire.cr.usgs.gov/arcgis/services/Drought/Drought_Monitoring/MapServer/WMSServer?"
      CONNECTIONTYPE WMS
      PROJECTION
       "init=epsg:4326"
      END
      METADATA
        "wms_srs"             "EPSG:4269"
        "wms_name"            "DROUGHT_VDRI_EMODIS_11"
        "wms_server_version"  "1.1.1"
        "wms_format"          "image/png"
		"wms_bgcolor"         "0x000000"
      END
    END
	LAYER
      NAME "eMODIS-VegDRI12"
      TYPE RASTER
      STATUS OFF
      CONNECTION "http://landfire.cr.usgs.gov/arcgis/services/Drought/Drought_Monitoring/MapServer/WMSServer?"
      CONNECTIONTYPE WMS
      PROJECTION
       "init=epsg:4326"
      END
      METADATA
        "wms_srs"             "EPSG:4269"
        "wms_name"            "DROUGHT_VDRI_EMODIS_12"
        "wms_server_version"  "1.1.1"
        "wms_format"          "image/png"
		"wms_bgcolor"         "0x000000"
      END
    END
	LAYER
      NAME "eMODIS-VegDRI13"
      TYPE RASTER
      STATUS OFF
      CONNECTION "http://landfire.cr.usgs.gov/arcgis/services/Drought/Drought_Monitoring/MapServer/WMSServer?"
      CONNECTIONTYPE WMS
      PROJECTION
       "init=epsg:4326"
      END
      METADATA
        "wms_srs"             "EPSG:4269"
        "wms_name"            "DROUGHT_VDRI_EMODIS_13"
        "wms_server_version"  "1.1.1"
        "wms_format"          "image/png"
		"wms_bgcolor"         "0x000000"
      END
    END
	LAYER
      NAME "7_Day_Average_Streamflow"
      TYPE RASTER
      STATUS OFF
      CONNECTION "http://landfire.cr.usgs.gov/arcgis/services/Drought/Drought_Monitoring/MapServer/WMSServer?"
      CONNECTIONTYPE WMS
      PROJECTION
       "init=epsg:4326"
      END
      METADATA
        "wms_srs"             "EPSG:4269"
        "wms_name"            "7_Day_Average_Streamflow"
        "wms_server_version"  "1.1.1"
        "wms_format"          "image/png"
      END
    END
	LAYER
      NAME "TotalPrecip_7"
      TYPE RASTER
      STATUS OFF
      CONNECTION "http://landfire.cr.usgs.gov/arcgis/services/Drought/Drought_Monitoring/MapServer/WMSServer?"
      CONNECTIONTYPE WMS
      PROJECTION
       "init=epsg:4326"
      END
      METADATA
        "wms_srs"             "EPSG:4269"
        "wms_name"            "DROUGHT_TP7_1"
        "wms_server_version"  "1.1.1"
        "wms_format"          "image/png"
      END
    END
	LAYER
      NAME "TotalPrecip_30"
      TYPE RASTER
      STATUS OFF
      CONNECTION "http://landfire.cr.usgs.gov/arcgis/services/Drought/Drought_Monitoring/MapServer/WMSServer?"
      CONNECTIONTYPE WMS
      PROJECTION
       "init=epsg:4326"
      END
      METADATA
        "wms_srs"             "EPSG:4269"
        "wms_name"            "DROUGHT_TP30_1"
        "wms_server_version"  "1.1.1"
        "wms_format"          "image/png"
      END
    END
	LAYER
      NAME "DaysWithPrecip_7"
      TYPE RASTER
      STATUS OFF
      CONNECTION "http://landfire.cr.usgs.gov/arcgis/services/Drought/Drought_Monitoring/MapServer/WMSServer?"
      CONNECTIONTYPE WMS
      PROJECTION
       "init=epsg:4326"
      END
      METADATA
        "wms_srs"             "EPSG:4269"
        "wms_name"            "DROUGHT_RD7_1"
        "wms_server_version"  "1.1.1"
        "wms_format"          "image/png"
      END
    END
	LAYER
      NAME "DaysWithPrecip_30"
      TYPE RASTER
      STATUS OFF
      CONNECTION "http://landfire.cr.usgs.gov/arcgis/services/Drought/Drought_Monitoring/MapServer/WMSServer?"
      CONNECTIONTYPE WMS
      PROJECTION
       "init=epsg:4326"
      END
      METADATA
        "wms_srs"             "EPSG:4269"
        "wms_name"            "DROUGHT_RD30_1"
        "wms_server_version"  "1.1.1"
        "wms_format"          "image/png"
      END
    END
	LAYER
      NAME "DaysSincePrecip_30"
      TYPE RASTER
      STATUS OFF
      CONNECTION "http://landfire.cr.usgs.gov/arcgis/services/Drought/Drought_Monitoring/MapServer/WMSServer?"
      CONNECTIONTYPE WMS
      PROJECTION
       "init=epsg:4326"
      END
      METADATA
        "wms_srs"             "EPSG:4269"
        "wms_name"            "DROUGHT_DSR30_1"
        "wms_server_version"  "1.1.1"
        "wms_format"          "image/png"
      END
    END
	LAYER
      NAME "MaxConDryDays_7"
      TYPE RASTER
      STATUS OFF
      CONNECTION "http://landfire.cr.usgs.gov/arcgis/services/Drought/Drought_Monitoring/MapServer/WMSServer?"
      CONNECTIONTYPE WMS
      PROJECTION
       "init=epsg:4326"
      END
      METADATA
        "wms_srs"             "EPSG:4269"
        "wms_name"            "DROUGHT_CDD7_1"
        "wms_server_version"  "1.1.1"
        "wms_format"          "image/png"
      END
    END
	LAYER
      NAME "MaxConDryDays_30"
      TYPE RASTER
      STATUS OFF
      CONNECTION "http://landfire.cr.usgs.gov/arcgis/services/Drought/Drought_Monitoring/MapServer/WMSServer?"
      CONNECTIONTYPE WMS
      PROJECTION
       "init=epsg:4326"
      END
      METADATA
        "wms_srs"             "EPSG:4269"
        "wms_name"            "DROUGHT_CDD30_1"
        "wms_server_version"  "1.1.1"
        "wms_format"          "image/png"
      END
    END
	LAYER
      NAME "drought_1"
      TYPE RASTER
      STATUS OFF
      CONNECTION "http://landfire.cr.usgs.gov/arcgis/services/Drought/Drought_Monitoring/MapServer/WMSServer?"
      CONNECTIONTYPE WMS
      PROJECTION
       "init=epsg:4326"
      END
      METADATA
        "wms_srs"             "EPSG:4269"
        "wms_name"            "drought_1"
        "wms_server_version"  "1.1.1"
        "wms_format"          "image/png"
      END
    END
	LAYER
      NAME "drought_2"
      TYPE RASTER
      STATUS OFF
      CONNECTION "http://landfire.cr.usgs.gov/arcgis/services/Drought/Drought_Monitoring/MapServer/WMSServer?"
      CONNECTIONTYPE WMS
      PROJECTION
       "init=epsg:4326"
      END
      METADATA
        "wms_srs"             "EPSG:4269"
        "wms_name"            "drought_2"
        "wms_server_version"  "1.1.1"
        "wms_format"          "image/png"
      END
    END
	LAYER
      NAME "drought_3"
      TYPE RASTER
      STATUS OFF
      CONNECTION "http://landfire.cr.usgs.gov/arcgis/services/Drought/Drought_Monitoring/MapServer/WMSServer?"
      CONNECTIONTYPE WMS
      PROJECTION
       "init=epsg:4326"
      END
      METADATA
        "wms_srs"             "EPSG:4269"
        "wms_name"            "drought_3"
        "wms_server_version"  "1.1.1"
        "wms_format"          "image/png"
      END
    END
	LAYER
      NAME "drought_4"
      TYPE RASTER
      STATUS OFF
      CONNECTION "http://landfire.cr.usgs.gov/arcgis/services/Drought/Drought_Monitoring/MapServer/WMSServer?"
      CONNECTIONTYPE WMS
      PROJECTION
       "init=epsg:4326"
      END
      METADATA
        "wms_srs"             "EPSG:4269"
        "wms_name"            "drought_4"
        "wms_server_version"  "1.1.1"
        "wms_format"          "image/png"
      END
    END
	LAYER
      NAME "drought_5"
      TYPE RASTER
      STATUS OFF
      CONNECTION "http://landfire.cr.usgs.gov/arcgis/services/Drought/Drought_Monitoring/MapServer/WMSServer?"
      CONNECTIONTYPE WMS
      PROJECTION
       "init=epsg:4326"
      END
      METADATA
        "wms_srs"             "EPSG:4269"
        "wms_name"            "drought_5"
        "wms_server_version"  "1.1.1"
        "wms_format"          "image/png"
      END
    END
    LAYER
      NAME "Current-Large-incidents"
      TYPE POINT
      STATUS OFF
      CONNECTION "http://wildfire.cr.usgs.gov/arcgis/services/geomac_dyn/MapServer/WMSServer?"
      CONNECTIONTYPE WMS
      PROJECTION
       "init=epsg:4269"
      END
	  CLASS
          NAME "Current Large Incidents"
          STYLE
                SYMBOL 'triangle'
                SIZE 12
                COLOR 50 255 50
            END
      END
      METADATA
        "wms_srs"             "EPSG:4269"
        "wms_name"            "25"
        "wms_server_version"  "1.0.0"
        "wms_format"          "image/png"
      END
    END
	LAYER
      NAME "All-Current-Year-AFM"
      TYPE RASTER
      STATUS OFF
      CONNECTION "http://activefiremaps.fs.fed.us/cgi-bin/mapserv.exe?map=conus.map&"
      CONNECTIONTYPE WMS
      PROJECTION
       "init=epsg:4269"
      END
      METADATA
        "wms_srs"             "EPSG:4269"
        "wms_name"            "Cumulative Fire Detections"
        "wms_server_version"  "1.0.0"
        "wms_format"          "image/png"
      END
    END
	LAYER
      NAME "Active-Perimeters-GeoMAC"
      TYPE POLYGON
      STATUS OFF
      CONNECTION "http://wildfire.cr.usgs.gov/arcgis/services/geomac_dyn/MapServer/WMSServer?"
      CONNECTIONTYPE WMS
      PROJECTION
       "init=epsg:4326"
      END
      CLASS
          NAME "Active Perimeters GeoMAC"
          STYLE
              #COLOR        255 150 50
              OUTLINECOLOR 255 150 50
			  WIDTH 3.0
          END
          STYLE
              SYMBOL "hatchsymbol"
              COLOR 255 150 50
              SIZE 5
              ANGLE 45
          END # STYLE
		  STYLE
              SYMBOL "hatchsymbol"
              COLOR 255 150 50
              SIZE 5
              ANGLE 135
          END # STYLE
      END	  
      METADATA
        "wms_srs"             "EPSG:4326"
        "wms_name"            "24"
        "wms_server_version"  "1.0.0"
        "wms_format"          "image/png"
      END
    END
	LAYER
      NAME "Previous-MODIS-GeoMAC"
      TYPE RASTER
      STATUS OFF
      CONNECTION "http://wildfire.cr.usgs.gov/arcgis/services/geomac_dyn/MapServer/WMSServer?"
      CONNECTIONTYPE WMS
      PROJECTION
       "init=epsg:4326"
      END
      METADATA
        "wms_srs"             "EPSG:4326"
        "wms_name"            "17"
        "wms_server_version"  "1.0.0"
        "wms_format"          "image/png"
      END
    END
	LAYER
      NAME "Previous-Perimeters-GeoMAC"
      TYPE RASTER
      STATUS OFF
      CONNECTION "http://wildfire.cr.usgs.gov/arcgis/services/geomac_dyn/MapServer/WMSServer?"
      CONNECTIONTYPE WMS
      PROJECTION
       "init=epsg:4326"
      END
      METADATA
        "wms_srs"             "EPSG:4326"
        "wms_name"            "18"
        "wms_server_version"  "1.0.0"
        "wms_format"          "image/png"
      END
    END    
    LAYER
      NAME "TRMM_3B42_V6_10_DAY"
      TYPE RASTER
      STATUS OFF
      CONNECTION "http://disc1.sci.gsfc.nasa.gov/daac-bin/wms_trmm?"
      CONNECTIONTYPE WMS
      PROJECTION
       "init=epsg:4326"
      END
      METADATA
        "wms_srs"             "EPSG:4326"
        "wms_name"            "TRMM_3B42_V6_10_DAY"
        "wms_server_version"  "1.1.1"
        "wms_format"          "image/png"
      END
    END
    LAYER
      NAME "TRMM_3B43_V7"
      TYPE RASTER
      STATUS OFF
      CONNECTION "http://disc1.sci.gsfc.nasa.gov/daac-bin/wms_trmm?"
      CONNECTIONTYPE WMS
      PROJECTION
       "init=epsg:4326"
      END
      METADATA
        "wms_srs"             "EPSG:4326"
        "wms_name"            "TRMM_3B43_V7_MONTHLY_precipitation"
        "wms_server_version"  "1.1.1"
        "wms_format"          "image/png"
      END
    END    
END
